$ systemd-run --user --quiet --wait --pipe --collect -p 'RestrictAddressFamilies=~AF_UNIX' --working-directory /home/runner/work/_temp/nla-lean-tools/.verification-tmp/nla-fresh-proof-76_er667/project /usr/bin/env -i PATH=/home/runner/.elan/toolchains/leanprover--lean4---v4.33.1/bin:/home/runner/.elan/bin:/home/runner/go/bin:/opt/hostedtoolcache/go/1.27.1/x64/bin:/snap/bin:/home/runner/.local/bin:/opt/pipx_bin:/home/runner/.cargo/bin:/home/runner/.config/composer/vendor/bin:/usr/local/.ghcup/bin:/home/runner/.dotnet/tools:/usr/local/sbin:/usr/local/bin:/usr/sbin:/usr/bin:/sbin:/bin:/usr/games:/usr/local/games:/snap/bin HOME=/home/runner LANG=C.UTF-8 XDG_RUNTIME_DIR=/run/user/1001 DBUS_SESSION_BUS_ADDRESS=unix:path=/run/user/1001/bus GIT_TERMINAL_PROMPT=0 GIT_CONFIG_NOSYSTEM=1 GIT_CONFIG_GLOBAL=/dev/null COMPARATOR_BIN=/home/runner/work/_temp/nla-lean-tools/.tools/comparator/.lake/build/bin/comparator COMPARATOR_LEAN4EXPORT=/home/runner/work/_temp/nla-lean-tools/.tools/lean4export/.lake/build/bin/lean4export COMPARATOR_LANDRUN=/home/runner/work/_temp/nla-lean-tools/scripts/strict_landrun.py XDG_CACHE_HOME=/home/runner/work/_temp/nla-lean-tools/.tools/cache TMPDIR=/home/runner/work/_temp/nla-lean-tools/.verification-tmp lake env /home/runner/work/_temp/nla-lean-tools/.tools/comparator/.lake/build/bin/comparator comparator.json
Building Challenge
✔ [2961/2963] Built NLA.MF18.Definitions (2.4s)
⚠ [2962/2963] Built Challenge (2.4s)
warning: Challenge.lean:13:8: declaration uses `sorry`
warning: Challenge.lean:16:8: declaration uses `sorry`
warning: Challenge.lean:20:8: declaration uses `sorry`
warning: Challenge.lean:24:8: declaration uses `sorry`
warning: Challenge.lean:28:8: declaration uses `sorry`
warning: Challenge.lean:33:8: declaration uses `sorry`
warning: Challenge.lean:39:8: declaration uses `sorry`
warning: Challenge.lean:46:8: declaration uses `sorry`
warning: Challenge.lean:51:8: declaration uses `sorry`
warning: Challenge.lean:58:8: declaration uses `sorry`
warning: Challenge.lean:65:8: declaration uses `sorry`
warning: Challenge.lean:72:8: declaration uses `sorry`
warning: Challenge.lean:79:8: declaration uses `sorry`
warning: Challenge.lean:86:8: declaration uses `sorry`
warning: Challenge.lean:91:8: declaration uses `sorry`
warning: Challenge.lean:97:8: declaration uses `sorry`
warning: Challenge.lean:105:8: declaration uses `sorry`
warning: Challenge.lean:114:8: declaration uses `sorry`
warning: Challenge.lean:122:8: declaration uses `sorry`
warning: Challenge.lean:131:8: declaration uses `sorry`
warning: Challenge.lean:139:8: declaration uses `sorry`
warning: Challenge.lean:143:8: declaration uses `sorry`
warning: Challenge.lean:148:8: declaration uses `sorry`
warning: Challenge.lean:156:8: declaration uses `sorry`
warning: Challenge.lean:163:8: declaration uses `sorry`
Build completed successfully (2963 jobs).
Exporting #[Quot, Quot.mk, Quot.lift, Quot.ind, NLA.MF18.certified_half, NLA.MF18.stability_semantics, NLA.MF18.pencil_evaluation, NLA.MF18.pencil_degree_bound, NLA.MF18.positive_average_and_sign, NLA.MF18.homotopy_boundary_nonvanishing, NLA.MF18.cayley_degree_and_count, NLA.MF18.cayley_boundary_transfer, NLA.MF18.monic_half_plane_count_homotopy, NLA.MF18.bounded_degree_disk_count_homotopy, NLA.MF18.regularized_root_count, NLA.MF18.solution_factorization, NLA.MF18.complementary_stability, NLA.MF18.closed_disk_stability_limit, NLA.MF18.limiting_equation_and_spectra, NLA.MF18.reciprocal_count_identity, NLA.MF18.selected_spectrum_count, NLA.MF18.stein_identity, NLA.MF18.simple_unit_root_pairing, NLA.MF18.generalized_stein_pairing, NLA.MF18.stable_space_dimension, NLA.MF18.stable_space_in_kernel, NLA.MF18.stein_rank_lower_bound, NLA.MF18.full_complex_rank, NLA.MF18.canonical_full_complex_rank, propext, Quot.sound, Classical.choice, Nat.add, Nat.sub, Nat.mul, Nat.pow, Nat.gcd, Nat.div, Nat.mod, Nat.beq, Nat.ble, Nat.land, Nat.lor, Nat.xor, Nat.shiftLeft, Nat.shiftRight, String.ofList, Char.ofNat, List, eagerReduce, Nat, String, String.mk, Char, optParam, autoParam, semiOutParam, outParam] from Challenge
Building Solution
ℹ [2964/2979] Built NLA.MF18.RootEnumeration (4.7s)
info: NLA/MF18/RootEnumeration.lean:63:0: 'NLA.MF18.exists_roots_enumeration' depends on axioms: [propext, Classical.choice, Quot.sound]
info: NLA/MF18/RootEnumeration.lean:64:0: 'NLA.MF18.monic_eq_prod_root_enumeration' depends on axioms: [propext, Classical.choice, Quot.sound]
info: NLA/MF18/RootEnumeration.lean:65:0: 'NLA.MF18.halfPlane_count_root_enumeration' depends on axioms: [propext, Classical.choice, Quot.sound]
info: NLA/MF18/RootEnumeration.lean:66:0: 'NLA.MF18.monic_root_norm_bound' depends on axioms: [propext, Classical.choice, Quot.sound]
ℹ [2965/2980] Built NLA.MF18.PencilAlgebra (4.9s)
info: NLA/MF18/PencilAlgebra.lean:84:0: 'NLA.MF18.pencil_evaluation' depends on axioms: [propext, Classical.choice, Quot.sound]
info: NLA/MF18/PencilAlgebra.lean:85:0: 'NLA.MF18.pencil_degree_bound' depends on axioms: [propext, Classical.choice, Quot.sound]
info: NLA/MF18/PencilAlgebra.lean:86:0: 'NLA.MF18.pencil_factorization' depends on axioms: [propext, Classical.choice, Quot.sound]
info: NLA/MF18/PencilAlgebra.lean:87:0: 'NLA.MF18.solution_factorization' depends on axioms: [propext, Classical.choice, Quot.sound]
ℹ [2966/2980] Built NLA.MF18.CoefficientContinuity (4.0s)
info: NLA/MF18/CoefficientContinuity.lean:92:0: 'NLA.MF18.matrixDet_coeffContinuousOn' depends on axioms: [propext, Classical.choice, Quot.sound]
⚠ [2967/2980] Built NLA.MF18.CayleyAlgebra (5.9s)
warning: NLA/MF18/CayleyAlgebra.lean:27:17: Used `tac1 <;> tac2` where `(tac1; tac2)` would suffice

Note: This linter can be disabled with `set_option linter.unnecessarySeqFocus false`
warning: NLA/MF18/CayleyAlgebra.lean:33:30: this tactic is never executed

Note: This linter can be disabled with `set_option linter.unreachableTactic false`
warning: NLA/MF18/CayleyAlgebra.lean:33:30: Unused tactic linter: `omega` does nothing

Note: This linter can be disabled with `set_option linter.unusedTactic false`
info: NLA/MF18/CayleyAlgebra.lean:86:0: 'NLA.MF18.cayley_natDegree_le' depends on axioms: [propext, Classical.choice, Quot.sound]
info: NLA/MF18/CayleyAlgebra.lean:87:0: 'NLA.MF18.cayley_coeff_grade' depends on axioms: [propext, Classical.choice, Quot.sound]
info: NLA/MF18/CayleyAlgebra.lean:88:0: 'NLA.MF18.cayley_eval' depends on axioms: [propext, Classical.choice, Quot.sound]
info: NLA/MF18/CayleyAlgebra.lean:89:0: 'NLA.MF18.monicCayley_monic_and_degree' depends on axioms: [propext, Classical.choice, Quot.sound]
⚠ [2969/2980] Built NLA.MF18.SolutionPolynomial (3.8s)
warning: NLA/MF18/SolutionPolynomial.lean:97:2: Try `simp at hmem` instead of `simpa using hmem`

Note: This linter can be disabled with `set_option linter.unnecessarySimpa false`
info: NLA/MF18/SolutionPolynomial.lean:99:0: 'NLA.MF18.pencil_polynomial_factorization' depends on axioms: [propext, Classical.choice, Quot.sound]
info: NLA/MF18/SolutionPolynomial.lean:100:0: 'NLA.MF18.solution_polynomial_factorization' depends on axioms: [propext, Classical.choice, Quot.sound]
info: NLA/MF18/SolutionPolynomial.lean:101:0: 'NLA.MF18.strictStable_disk_count' depends on axioms: [propext, Classical.choice, Quot.sound]
ℹ [2970/2980] Built NLA.MF18.RootProductLimits (4.1s)
info: NLA/MF18/RootProductLimits.lean:83:0: 'NLA.MF18.eval_tendsto_of_coeff_tendsto' depends on axioms: [propext, Classical.choice, Quot.sound]
info: NLA/MF18/RootProductLimits.lean:84:0: 'NLA.MF18.product_limit_of_coeff_limit' depends on axioms: [propext, Classical.choice, Quot.sound]
info: NLA/MF18/RootProductLimits.lean:85:0: 'NLA.MF18.roots_of_prod_root_enumeration' depends on axioms: [propext, Classical.choice, Quot.sound]
info: NLA/MF18/RootProductLimits.lean:86:0: 'NLA.MF18.eventually_halfPlane_index_count_eq' depends on axioms: [propext, Classical.choice, Quot.sound]
ℹ [2971/2980] Built NLA.MF18.ReflectionAlgebra (4.0s)
info: NLA/MF18/ReflectionAlgebra.lean:101:0: 'NLA.MF18.unregularized_reflection' depends on axioms: [propext, Classical.choice, Quot.sound]
⚠ [2972/2980] Built NLA.MF18.CayleyBoundary (3.9s)
warning: NLA/MF18/CayleyBoundary.lean:21:2: Try `simp at hre` instead of `simpa using hre`

Note: This linter can be disabled with `set_option linter.unnecessarySimpa false`
info: NLA/MF18/CayleyBoundary.lean:55:0: 'NLA.MF18.axis_cayley_norm' depends on axioms: [propext, Classical.choice, Quot.sound]
info: NLA/MF18/CayleyBoundary.lean:56:0: 'NLA.MF18.inverse_cayley_re_pos_iff' depends on axioms: [propext, Classical.choice, Quot.sound]
info: NLA/MF18/CayleyBoundary.lean:57:0: 'NLA.MF18.cayley_boundary_transfer' depends on axioms: [propext, Classical.choice, Quot.sound]
⚠ [2973/3019] Built NLA.MF18.WeakComplement (3.7s)
warning: NLA/MF18/WeakComplement.lean:34:21: Used `tac1 <;> tac2` where `(tac1; tac2)` would suffice

Note: This linter can be disabled with `set_option linter.unnecessarySeqFocus false`
info: NLA/MF18/WeakComplement.lean:53:0: 'NLA.MF18.weak_complementary_disk_count' depends on axioms: [propext, Classical.choice, Quot.sound]
ℹ [2974/3019] Built NLA.MF18.RootCountLimits (3.6s)
info: NLA/MF18/RootCountLimits.lean:88:0: 'NLA.MF18.root_enumerations_uniformly_bounded' depends on axioms: [propext, Classical.choice, Quot.sound]
info: NLA/MF18/RootCountLimits.lean:89:0: 'NLA.MF18.halfPlane_count_eventually_of_coeff_tendsto' depends on axioms: [propext, Classical.choice, Quot.sound]
⚠ [3010/3019] Built NLA.MF18.ReflectedRoots (4.4s)
warning: NLA/MF18/ReflectedRoots.lean:78:2: Try `simp at he` instead of `simpa using he`

Note: This linter can be disabled with `set_option linter.unnecessarySimpa false`
warning: NLA/MF18/ReflectedRoots.lean:91:20: Used `tac1 <;> tac2` where `(tac1; tac2)` would suffice

Note: This linter can be disabled with `set_option linter.unnecessarySeqFocus false`
warning: NLA/MF18/ReflectedRoots.lean:128:4: Try `simp at hqeval` instead of `simpa using hqeval`

Note: This linter can be disabled with `set_option linter.unnecessarySimpa false`
info: NLA/MF18/ReflectedRoots.lean:160:0: 'NLA.MF18.reflected_zero_and_disk_count' depends on axioms: [propext, Classical.choice, Quot.sound]
⚠ [3011/3053] Built NLA.MF18.CayleyCount (4.1s)
warning: NLA/MF18/CayleyCount.lean:27:23: Used `tac1 <;> tac2` where `(tac1; tac2)` would suffice

Note: This linter can be disabled with `set_option linter.unnecessarySeqFocus false`
info: NLA/MF18/CayleyCount.lean:117:0: 'NLA.MF18.monicCayley_factorization' depends on axioms: [propext, Classical.choice, Quot.sound]
info: NLA/MF18/CayleyCount.lean:118:0: 'NLA.MF18.cayley_degree_and_count' depends on axioms: [propext, Classical.choice, Quot.sound]
ℹ [3040/3054] Built NLA.MF18.HalfPlaneHomotopy (3.7s)
info: NLA/MF18/HalfPlaneHomotopy.lean:41:0: 'NLA.MF18.monic_half_plane_count_homotopy' depends on axioms: [propext, Classical.choice, Quot.sound]
✔ [3041/3054] Built LeanCert.Core.Interval (3.6s)
ℹ [3042/3080] Built NLA.MF18.ReciprocalCount (3.7s)
info: NLA/MF18/ReciprocalCount.lean:85:0: 'NLA.MF18.reciprocal_count_identity' depends on axioms: [propext, Classical.choice, Quot.sound]
ℹ [3062/3096] Built NLA.MF18.DiskHomotopy (4.2s)
info: NLA/MF18/DiskHomotopy.lean:53:0: 'NLA.MF18.monicCayley_coeffContinuousOn' depends on axioms: [propext, Classical.choice, Quot.sound]
info: NLA/MF18/DiskHomotopy.lean:54:0: 'NLA.MF18.bounded_degree_disk_count_homotopy' depends on axioms: [propext, Classical.choice, Quot.sound]
✔ [3065/3097] Built LeanCert.Core.Expr (6.7s)
✔ [3066/3097] Built LeanCert.Core.DerivativeIntervals (4.9s)
✔ [3067/3097] Built LeanCert.Core.IntervalRat.Basic (11s)
✔ [3068/3097] Built LeanCert.Contrib.Sinc (7.8s)
✔ [3069/3097] Built LeanCert.Core.Support (6.3s)
✔ [3070/3097] Built LeanCert.Core.IntervalRat.LogReduction (8.1s)
✔ [3071/3097] Built LeanCert.Engine.Eval.Result (4.2s)
✔ [3072/3097] Built LeanCert.Meta.Numeral (5.3s)
✔ [3073/3104] Built LeanCert.Core.TrigReduction (5.1s)
✔ [3074/3104] Built LeanCert.Core.Taylor (9.0s)
✔ [3075/3104] Built LeanCert.Tactic.IntervalAuto.Extract (5.1s)
✔ [3076/3104] Built LeanCert.Tactic.IntervalAuto.Types (6.2s)
✔ [3077/3108] Built LeanCert.Core.IntervalRat.Transcendental (6.0s)
✔ [3078/3108] Built LeanCert.Core.Dyadic (5.1s)
✔ [3079/3108] Built LeanCert.Tactic.Verification (4.9s)
✔ [3080/3109] Built LeanCert.Meta.ToExpr (8.2s)
✔ [3081/3109] Built LeanCert.Tactic.LeanCert.Bridge.Environment (4.8s)
✔ [3082/3109] Built LeanCert.Tactic.NumericalRefinement (1.2s)
✔ [3083/3173] Built LeanCert.Tactic.IntervalAuto.Norm (7.2s)
✔ [3108/3187] Built LeanCert.Tactic.LeanCert.Normalize (6.9s)
✔ [3110/3191] Built LeanCert.Tactic.VecUtil (5.0s)
✔ [3111/3191] Built LeanCert.Tactic.IntervalAuto.Parse (11s)
✔ [3112/3191] Built LeanCert.Tactic.BridgeNative (2.2s)
✔ [3113/3257] Built LeanCert.Tactic.FinSumExpand (3.2s)
✔ [3594/3675] Built LeanCert.Tactic.FinsetParse (4.4s)
✔ [3595/3679] Built LeanCert.Tactic.LeanCert.Semantic.Domain (1.9s)
✔ [3596/3682] Built LeanCert.Tactic.IntervalAuto.Diagnostic (4.0s)
✔ [3597/3682] Built LeanCert.Validity.Eventual (3.8s)
✔ [3598/3682] Built LeanCert.Tactic.LeanCert.Semantic.Goal (2.7s)
✔ [3599/3686] Built LeanCert.Tactic.VecSimp (2.2s)
✔ [3600/3686] Built LeanCert.Core.IntervalRat.Taylor (26s)
✔ [3601/3687] Built LeanCert.Tactic.LeanCert.Semantic.Parse.Comparison (1.9s)
✔ [3602/3689] Built LeanCert.Core.IntervalReal (3.1s)
✔ [3603/3689] Built LeanCert.Tactic.Extension.Protocol (3.4s)
✔ [3604/3690] Built LeanCert.Tactic.EventualBound (6.5s)
✔ [3605/3690] Built LeanCert.Core.IntervalRat.TrigReduced (3.8s)
✔ [3606/3690] Built LeanCert.Tactic.LeanCert.Diagnostic.Evidence (3.9s)
✔ [3607/3690] Built LeanCert.Tactic.LeanCert.Semantic.Parse.Bound (4.1s)
✔ [3608/3690] Built LeanCert.Tactic.Extension.Registry (3.9s)
✔ [3609/3690] Built LeanCert.Tactic.LeanCert.Config (3.6s)
✔ [3610/3694] Built LeanCert.Core.IntervalRealEndpoints (7.0s)
✔ [3611/3694] Built LeanCert.Engine.Affine.Basic (10s)
✔ [3612/3696] Built LeanCert.Core.IntervalDyadic (11s)
✔ [3613/3702] Built LeanCert.Engine.Algebra.QPoly (7.5s)
✔ [3614/3702] Built LeanCert.Engine.Affine.Nonlinear (8.6s)
✔ [3615/3708] Built LeanCert.Engine.Algebra.QPolyIntegral (6.5s)
✔ [3616/3712] Built LeanCert.Core.DyadicCell (7.8s)
✔ [3617/3712] Built LeanCert.Engine.Eval.Core (11s)
✔ [3618/3712] Built LeanCert.Engine.FloatEval (3.7s)
✔ [3619/3716] Built LeanCert.Tactic.Extension.Command (3.2s)
✔ [3620/3720] Built LeanCert.Core.DyadicFrontier (3.4s)
ℹ [3623/3720] Built NLA.MF18.PairingAlgebra (3.6s)
info: NLA/MF18/PairingAlgebra.lean:60:0: 'NLA.MF18.hermitian_add_imaginary_posDef_det_ne_zero' depends on axioms: [propext, Classical.choice, Quot.sound]
✔ [3624/3721] Built LeanCert.Tactic.Extension (3.5s)
✔ [3625/3722] Built LeanCert.Engine.Eval.Extended (5.2s)
ℹ [3626/3726] Built NLA.MF18.StabilityLimits (4.2s)
info: NLA/MF18/StabilityLimits.lean:67:0: 'NLA.MF18.closed_disk_stability_limit' depends on axioms: [propext, Classical.choice, Quot.sound]
⚠ [3628/3731] Built NLA.MF18.SteinIdentity (4.4s)
warning: NLA/MF18/SteinIdentity.lean:24:10: This simp argument is unused:
  Complex.star_def

Hint: Omit it from the simp argument list.
  [apply] simp [mul_neg]

Note: This linter can be disabled with `set_option linter.unusedSimpArgs false`
warning: NLA/MF18/SteinIdentity.lean:24:28: This simp argument is unused:
  mul_neg

Hint: Omit it from the simp argument list.
  [apply] simp [Complex.star_def]

Note: This linter can be disabled with `set_option linter.unusedSimpArgs false`
info: NLA/MF18/SteinIdentity.lean:65:0: 'NLA.MF18.stein_identity' depends on axioms: [propext, Classical.choice, Quot.sound]
ℹ [3629/3731] Built NLA.MF18.PairingVectors (3.5s)
info: NLA/MF18/PairingVectors.lean:45:0: 'NLA.MF18.pairing_conjugate_transform' depends on axioms: [propext, Classical.choice, Quot.sound]
✔ [3630/3731] Built LeanCert.Engine.Bounds.Lemmas (3.5s)
ℹ [3631/3731] Built NLA.MF18.StabilitySemantics (3.6s)
info: NLA/MF18/StabilitySemantics.lean:40:0: 'NLA.MF18.stability_semantics' depends on axioms: [propext, Classical.choice, Quot.sound]
ℹ [3632/3731] Built NLA.MF18.StableDimension (4.3s)
info: NLA/MF18/StableDimension.lean:79:0: 'NLA.MF18.stable_space_dimension' depends on axioms: [propext, Classical.choice, Quot.sound]
ℹ [3633/3731] Built NLA.MF18.UnregularizedFactorization (3.3s)
info: NLA/MF18/UnregularizedFactorization.lean:83:0: 'NLA.MF18.simple_root_factor_separation' depends on axioms: [propext, Classical.choice, Quot.sound]
ℹ [3634/3731] Built NLA.MF18.GeneralizedStein (3.6s)
info: NLA/MF18/GeneralizedStein.lean:65:0: 'NLA.MF18.generalized_stein_pairing' depends on axioms: [propext, Classical.choice, Quot.sound]
✔ [3635/3731] Built LeanCert.Engine.IntervalEval (2.0s)
⚠ [3636/3731] Built NLA.MF18.UnitPencilKernel (3.6s)
warning: NLA/MF18/UnitPencilKernel.lean:23:4: Try `simp at hlam` instead of `simpa using hlam`

Note: This linter can be disabled with `set_option linter.unnecessarySimpa false`
warning: NLA/MF18/UnitPencilKernel.lean:34:23: Used `tac1 <;> tac2` where `(tac1; tac2)` would suffice

Note: This linter can be disabled with `set_option linter.unnecessarySeqFocus false`
info: NLA/MF18/UnitPencilKernel.lean:45:0: 'NLA.MF18.unit_pencil_left_pairing_zero' depends on axioms: [propext, Classical.choice, Quot.sound]
⚠ [3637/3731] Built NLA.MF18.SteinRankLower (3.0s)
warning: NLA/MF18/SteinRankLower.lean:28:4: Try `simp at hlam` instead of `simpa using hlam`

Note: This linter can be disabled with `set_option linter.unnecessarySimpa false`
info: NLA/MF18/SteinRankLower.lean:105:0: 'NLA.MF18.stein_rank_lower_bound' depends on axioms: [propext, Classical.choice, Quot.sound]
⚠ [3638/3731] Built NLA.MF18.StableKernel (4.1s)
warning: NLA/MF18/StableKernel.lean:67:4: Try this: intro μ w hw
warning: NLA/MF18/StableKernel.lean:45:2: Try this: intro hlam v hv
info: NLA/MF18/StableKernel.lean:90:0: 'NLA.MF18.stable_space_in_kernel' depends on axioms: [propext, Classical.choice, Quot.sound]
✔ [3639/3731] Built LeanCert.Engine.Affine.Transcendental (5.2s)
✔ [3640/3731] Built LeanCert.Validity.Bounds.Core (3.9s)
✔ [3641/3731] Built LeanCert.Validity.Bounds.Checked (3.0s)
✔ [3642/3731] Built LeanCert.Engine.IntervalEvalDyadic (9.4s)
✔ [3643/3731] Built LeanCert.Engine.Optimization.Box (5.1s)
✔ [3644/3731] Built LeanCert.Engine.RootFinding.Basic (7.6s)
✔ [3645/3731] Built LeanCert.Engine.AD.Basic (3.7s)
✔ [3646/3731] Built LeanCert.Engine.Integrate (8.0s)
ℹ [3647/3731] Built NLA.MF18.SimpleEigenfunctional (5.2s)
info: NLA/MF18/SimpleEigenfunctional.lean:69:0: 'NLA.MF18.simple_eigenfunctional_nonzero' depends on axioms: [propext, Classical.choice, Quot.sound]
✔ [3648/3731] Built LeanCert.Engine.FinSumDyadic (7.4s)
✔ [3649/3731] Built LeanCert.Engine.TaylorModel.Core (12s)
✔ [3650/3731] Built LeanCert.Validity.DyadicBounds (5.9s)
✔ [3651/3731] Built LeanCert.Engine.IntervalEvalAffine (9.9s)
✔ [3652/3731] Built LeanCert.Engine.Search.Heuristic (4.1s)
⚠ [3653/3731] Built NLA.MF18.SimpleUnitPairing (4.2s)
warning: NLA/MF18/SimpleUnitPairing.lean:74:4: Try `simp at hlam` instead of `simpa using hlam`

Note: This linter can be disabled with `set_option linter.unnecessarySimpa false`
warning: NLA/MF18/SimpleUnitPairing.lean:81:27: this tactic is never executed

Note: This linter can be disabled with `set_option linter.unreachableTactic false`
warning: NLA/MF18/SimpleUnitPairing.lean:81:27: Unused tactic linter: `ring` does nothing

Note: This linter can be disabled with `set_option linter.unusedTactic false`
info: NLA/MF18/SimpleUnitPairing.lean:94:0: 'NLA.MF18.simple_unit_root_pairing' depends on axioms: [propext, Classical.choice, Quot.sound]
✔ [3654/3731] Built LeanCert.Engine.AD.Transcendental (5.9s)
✔ [3655/3731] Built LeanCert.Engine.RootFinding.Bisection (6.8s)
✔ [3656/3731] Built LeanCert.Engine.WitnessSum (4.3s)
✔ [3657/3731] Built LeanCert.Engine.TaylorModel.Special (3.6s)
✔ [3658/3731] Built LeanCert.Engine.TaylorModel.Integral (4.7s)
✔ [3659/3731] Built LeanCert.Engine.Affine.Environment (9.1s)
✔ [3660/3731] Built LeanCert.Engine.TaylorModel.ExpLog (12s)
✔ [3661/3731] Built LeanCert.Engine.AD.Eval (3.9s)
✔ [3662/3731] Built LeanCert.Engine.TaylorModel.Hyperbolic (17s)
✔ [3663/3731] Built LeanCert.Engine.TaylorModel.Trig (15s)
✔ [3664/3731] Built LeanCert.Engine.AD.Correctness (3.4s)
✔ [3665/3731] Built LeanCert.Engine.TaylorModel.Functions (2.6s)
✔ [3666/3731] Built LeanCert.Engine.AD.Computable (4.5s)
✔ [3667/3731] Built LeanCert.Engine.TaylorModel.Expr (6.5s)
✔ [3668/3731] Built LeanCert.Engine.AD.PartialCorrectness (8.2s)
✔ [3669/3731] Built LeanCert.Engine.AD.DomainChecked (4.2s)
✔ [3670/3731] Built LeanCert.Engine.TaylorModel (2.4s)
✔ [3671/3731] Built LeanCert.Engine.AD.Dyadic (3.4s)
✔ [3672/3731] Built LeanCert.Engine.AD (1.0s)
✔ [3673/3731] Built LeanCert.Validity.Bounds.Smart (4.4s)
✔ [3674/3731] Built LeanCert.Engine.IntervalEvalRefined (5.2s)
✔ [3675/3731] Built LeanCert.Meta.ProveSupported (5.3s)
✔ [3676/3731] Built LeanCert.Engine.Optimize (8.7s)
✔ [3677/3731] Built LeanCert.Validity.Bounds.Bridge (4.5s)
✔ [3678/3731] Built LeanCert.Meta.ProveContinuous (6.4s)
✔ [3679/3731] Built LeanCert.Tactic.IntervalAuto.ProveCommon (7.8s)
✔ [3680/3731] Built LeanCert.Engine.RootFinding.Newton (6.9s)
✔ [3681/3731] Built LeanCert.Validity.Bounds.Basic (4.3s)
✔ [3682/3731] Built LeanCert.Engine.Optimization.Gradient (8.6s)
✔ [3683/3731] Built LeanCert.Tactic.LeanCert.Bridge.ReifiedFunction (4.3s)
✔ [3684/3731] Built LeanCert.Tactic.IntervalAuto.Basic (4.3s)
✔ [3685/3731] Built LeanCert.Validity.Integration (8.4s)
✔ [3686/3731] Built LeanCert.Engine.RootFinding.MVTBounds (13s)
✔ [3687/3731] Built LeanCert.Tactic.LeanCert.Semantic.Prepare (9.2s)
✔ [3688/3731] Built LeanCert.Engine.RootFinding.Krawczyk (11s)
✔ [3689/3731] Built LeanCert.Engine.RootFinding.Contraction (11s)
✔ [3690/3731] Built LeanCert.Tactic.LeanCert.Integral (14s)
✔ [3691/3731] Built LeanCert.Tactic.Extension.Execute (13s)
✔ [3692/3731] Built LeanCert.Validity.Krawczyk (3.8s)
✔ [3693/3731] Built LeanCert.Engine.RootFinding.KrawczykCandidate (5.4s)
✔ [3694/3731] Built LeanCert.Tactic.LeanCert.Solver.Protocol (8.3s)
✔ [3695/3731] Built LeanCert.Engine.RootFinding.Main (3.4s)
✔ [3696/3731] Built LeanCert.Tactic.Enclosure (4.2s)
✔ [3697/3731] Built LeanCert.Engine.Optimization.Global (34s)
✔ [3698/3731] Built LeanCert.Tactic.LeanCert.Diagnostic.Render (4.2s)
✔ [3699/3731] Built LeanCert.Engine.Search.CounterExample (3.0s)
✔ [3700/3731] Built LeanCert.Validity.Types (3.9s)
✔ [3701/3731] Built LeanCert.Engine.Optimization.BoundVerify (4.5s)
✔ [3702/3731] Built LeanCert.Engine.Optimization.Guided (3.3s)
✔ [3703/3731] Built LeanCert.Validity.Bounds (7.5s)
✔ [3704/3731] Built LeanCert.Discovery.Find (4.3s)
✔ [3705/3731] Built LeanCert.Tactic.IntervalAuto.OptBound (5.1s)
✔ [3706/3731] Built LeanCert.Tactic.IntervalAuto.Multivariate (8.0s)
✔ [3707/3731] Built LeanCert.Tactic.IntervalAuto.RootBound (4.4s)
✔ [3708/3731] Built LeanCert.Tactic.IntervalAuto.Bound (18s)
✔ [3709/3731] Built LeanCert.Tactic.IntervalAuto.Subdiv (4.7s)
✔ [3710/3731] Built LeanCert.Tactic.IntervalAuto.Adaptive (8.2s)
✔ [3711/3731] Built LeanCert.Tactic.IntervalAuto.PointIneq (10s)
✔ [3712/3731] Built LeanCert.Tactic.IntervalAuto (2.6s)
✔ [3713/3731] Built LeanCert.Tactic.Refute (4.4s)
✔ [3714/3731] Built LeanCert.Tactic.FinSumWitness (6.3s)
✔ [3715/3731] Built LeanCert.Tactic.FinSumBound (4.7s)
✔ [3716/3731] Built LeanCert.Tactic.LeanCert.Semantic.Parse (3.3s)
✔ [3717/3731] Built LeanCert.Tactic.Discovery (14s)
✔ [3718/3731] Built LeanCert.Tactic.Krawczyk (3.5s)
✔ [3719/3731] Built LeanCert.Tactic.LeanCert.Router (8.7s)
✔ [3720/3731] Built LeanCert.Tactic.LeanCert (2.7s)
✔ [3721/3731] Built LeanCert.Tactic (2.7s)
ℹ [3722/3731] Built NLA.MF18.Numerical (3.0s)
info: NLA/MF18/Numerical.lean:24:0: 'NLA.MF18.certified_half' depends on axioms: [propext, Classical.choice, Quot.sound]
⚠ [3723/3731] Built NLA.MF18.Positivity (3.3s)
warning: NLA/MF18/Positivity.lean:29:88: Used `tac1 <;> tac2` where `(tac1; tac2)` would suffice

Note: This linter can be disabled with `set_option linter.unnecessarySeqFocus false`
info: NLA/MF18/Positivity.lean:38:0: 'NLA.MF18.positive_average_and_sign' depends on axioms: [propext, Classical.choice, Quot.sound]
⚠ [3724/3731] Built NLA.MF18.BoundaryNonvanishing (3.2s)
warning: NLA/MF18/BoundaryNonvanishing.lean:29:4: Try `simp at hlam` instead of `simpa using hlam`

Note: This linter can be disabled with `set_option linter.unnecessarySimpa false`
warning: NLA/MF18/BoundaryNonvanishing.lean:23:26: Variable name `hP` is not explicitly referenced.

Hint: The binding can be removed (if unused) or named `_` (if used implicitly). Alternatively, prefix the name with `_` to silence this warning:
  [apply] _hP

Note: This linter can be disabled with `set_option linter.unusedVariables false`
warning: NLA/MF18/BoundaryNonvanishing.lean:54:23: Used `tac1 <;> tac2` where `(tac1; tac2)` would suffice

Note: This linter can be disabled with `set_option linter.unnecessarySeqFocus false`
info: NLA/MF18/BoundaryNonvanishing.lean:58:0: 'NLA.MF18.homotopy_boundary_nonvanishing' depends on axioms: [propext, Classical.choice, Quot.sound]
ℹ [3725/3731] Built NLA.MF18.RegularizedCount (3.1s)
info: NLA/MF18/RegularizedCount.lean:112:0: 'NLA.MF18.homotopy_coeffContinuousOn' depends on axioms: [propext, Classical.choice, Quot.sound]
info: NLA/MF18/RegularizedCount.lean:113:0: 'NLA.MF18.homotopy_zero_disk_count' depends on axioms: [propext, Classical.choice, Quot.sound]
info: NLA/MF18/RegularizedCount.lean:114:0: 'NLA.MF18.regularized_root_count' depends on axioms: [propext, Classical.choice, Quot.sound]
⚠ [3726/3731] Built NLA.MF18.ComplementaryStability (2.0s)
warning: NLA/MF18/ComplementaryStability.lean:61:23: Used `tac1 <;> tac2` where `(tac1; tac2)` would suffice

Note: This linter can be disabled with `set_option linter.unnecessarySeqFocus false`
info: NLA/MF18/ComplementaryStability.lean:65:0: 'NLA.MF18.complementary_stability' depends on axioms: [propext, Classical.choice, Quot.sound]
ℹ [3727/3731] Built NLA.MF18.LimitingEquation (3.2s)
info: NLA/MF18/LimitingEquation.lean:71:0: 'NLA.MF18.limiting_equation_and_spectra' depends on axioms: [propext, Classical.choice, Quot.sound]
ℹ [3728/3731] Built NLA.MF18.SelectedCount (3.1s)
info: NLA/MF18/SelectedCount.lean:78:0: 'NLA.MF18.selected_spectrum_count' depends on axioms: [propext, Classical.choice, Quot.sound]
⚠ [3729/3731] Built NLA.MF18.CanonicalRank (3.0s)
warning: NLA/MF18/CanonicalRank.lean:73:5: Variable name `hunique` is not explicitly referenced.

Hint: The binding can be removed (if unused) or named `_` (if used implicitly). Alternatively, prefix the name with `_` to silence this warning:
  [apply] _hunique

Note: This linter can be disabled with `set_option linter.unusedVariables false`
info: NLA/MF18/CanonicalRank.lean:79:0: 'NLA.MF18.full_complex_rank' depends on axioms: [propext, Classical.choice, Quot.sound]
info: NLA/MF18/CanonicalRank.lean:80:0: 'NLA.MF18.canonical_full_complex_rank' depends on axioms: [propext, Classical.choice, Quot.sound]
ℹ [3730/3731] Built Solution (2.8s)
info: Solution.lean:18:0: 'NLA.MF18.certified_half' depends on axioms: [propext, Classical.choice, Quot.sound]
info: Solution.lean:20:0: 'NLA.MF18.stability_semantics' depends on axioms: [propext, Classical.choice, Quot.sound]
info: Solution.lean:22:0: 'NLA.MF18.pencil_evaluation' depends on axioms: [propext, Classical.choice, Quot.sound]
info: Solution.lean:24:0: 'NLA.MF18.pencil_degree_bound' depends on axioms: [propext, Classical.choice, Quot.sound]
info: Solution.lean:26:0: 'NLA.MF18.positive_average_and_sign' depends on axioms: [propext, Classical.choice, Quot.sound]
info: Solution.lean:28:0: 'NLA.MF18.homotopy_boundary_nonvanishing' depends on axioms: [propext, Classical.choice, Quot.sound]
info: Solution.lean:30:0: 'NLA.MF18.cayley_degree_and_count' depends on axioms: [propext, Classical.choice, Quot.sound]
info: Solution.lean:32:0: 'NLA.MF18.cayley_boundary_transfer' depends on axioms: [propext, Classical.choice, Quot.sound]
info: Solution.lean:34:0: 'NLA.MF18.monic_half_plane_count_homotopy' depends on axioms: [propext, Classical.choice, Quot.sound]
info: Solution.lean:36:0: 'NLA.MF18.bounded_degree_disk_count_homotopy' depends on axioms: [propext, Classical.choice, Quot.sound]
info: Solution.lean:38:0: 'NLA.MF18.regularized_root_count' depends on axioms: [propext, Classical.choice, Quot.sound]
info: Solution.lean:40:0: 'NLA.MF18.solution_factorization' depends on axioms: [propext, Classical.choice, Quot.sound]
info: Solution.lean:42:0: 'NLA.MF18.complementary_stability' depends on axioms: [propext, Classical.choice, Quot.sound]
info: Solution.lean:44:0: 'NLA.MF18.closed_disk_stability_limit' depends on axioms: [propext, Classical.choice, Quot.sound]
info: Solution.lean:46:0: 'NLA.MF18.limiting_equation_and_spectra' depends on axioms: [propext, Classical.choice, Quot.sound]
info: Solution.lean:48:0: 'NLA.MF18.reciprocal_count_identity' depends on axioms: [propext, Classical.choice, Quot.sound]
info: Solution.lean:50:0: 'NLA.MF18.selected_spectrum_count' depends on axioms: [propext, Classical.choice, Quot.sound]
info: Solution.lean:52:0: 'NLA.MF18.stein_identity' depends on axioms: [propext, Classical.choice, Quot.sound]
info: Solution.lean:54:0: 'NLA.MF18.simple_unit_root_pairing' depends on axioms: [propext, Classical.choice, Quot.sound]
info: Solution.lean:56:0: 'NLA.MF18.generalized_stein_pairing' depends on axioms: [propext, Classical.choice, Quot.sound]
info: Solution.lean:58:0: 'NLA.MF18.stable_space_dimension' depends on axioms: [propext, Classical.choice, Quot.sound]
info: Solution.lean:60:0: 'NLA.MF18.stable_space_in_kernel' depends on axioms: [propext, Classical.choice, Quot.sound]
info: Solution.lean:62:0: 'NLA.MF18.stein_rank_lower_bound' depends on axioms: [propext, Classical.choice, Quot.sound]
info: Solution.lean:64:0: 'NLA.MF18.full_complex_rank' depends on axioms: [propext, Classical.choice, Quot.sound]
info: Solution.lean:66:0: 'NLA.MF18.canonical_full_complex_rank' depends on axioms: [propext, Classical.choice, Quot.sound]
Build completed successfully (3731 jobs).
Exporting #[Quot, Quot.mk, Quot.lift, Quot.ind, NLA.MF18.certified_half, NLA.MF18.stability_semantics, NLA.MF18.pencil_evaluation, NLA.MF18.pencil_degree_bound, NLA.MF18.positive_average_and_sign, NLA.MF18.homotopy_boundary_nonvanishing, NLA.MF18.cayley_degree_and_count, NLA.MF18.cayley_boundary_transfer, NLA.MF18.monic_half_plane_count_homotopy, NLA.MF18.bounded_degree_disk_count_homotopy, NLA.MF18.regularized_root_count, NLA.MF18.solution_factorization, NLA.MF18.complementary_stability, NLA.MF18.closed_disk_stability_limit, NLA.MF18.limiting_equation_and_spectra, NLA.MF18.reciprocal_count_identity, NLA.MF18.selected_spectrum_count, NLA.MF18.stein_identity, NLA.MF18.simple_unit_root_pairing, NLA.MF18.generalized_stein_pairing, NLA.MF18.stable_space_dimension, NLA.MF18.stable_space_in_kernel, NLA.MF18.stein_rank_lower_bound, NLA.MF18.full_complex_rank, NLA.MF18.canonical_full_complex_rank, propext, Quot.sound, Classical.choice, Nat.add, Nat.sub, Nat.mul, Nat.pow, Nat.gcd, Nat.div, Nat.mod, Nat.beq, Nat.ble, Nat.land, Nat.lor, Nat.xor, Nat.shiftLeft, Nat.shiftRight, String.ofList, Char.ofNat, List, eagerReduce, Nat, String, String.mk, Char, optParam, autoParam, semiOutParam, outParam] from Solution
Running Lean default kernel on solution.
Lean default kernel accepts the solution
Your solution is okay!

EXIT_STATUS=0
