'MF21Restart.complex_fourier_eq_cosine' depends on axioms: [propext, Classical.choice, Quot.sound]
'MF21Restart.bulk_cutoff_pos' depends on axioms: [propext, Classical.choice, Quot.sound]
'MF21Restart.implicit_phase_ratio_limit' depends on axioms: [propext, Classical.choice, Quot.sound]
'MF21Restart.symbol_scaled_limit' depends on axioms: [propext, Classical.choice, Quot.sound]
'MF21Restart.fixed_index_limit_of_implicit_phase' depends on axioms: [propext, Classical.choice, Quot.sound]
'MF21Restart.critical_bound_implies_fixed_index_limit' depends on axioms: [propext, Classical.choice, Quot.sound]
'MF21Restart.exists_log_sq_bulk_scale_gain' depends on axioms: [propext, Classical.choice, Quot.sound]
'MF21Restart.phase_window_margin' depends on axioms: [propext, Classical.choice, Quot.sound]
'MF21Restart.symbol_eq_cosine_power' depends on axioms: [propext, Classical.choice, Quot.sound]
'MF21Restart.fourierCoeff_succ' depends on axioms: [propext, Classical.choice, Quot.sound]
'MF21Restart.fourierCoeff_zero' depends on axioms: [propext, Classical.choice, Quot.sound]
'MF21Restart.fourierCoeff_support' depends on axioms: [propext, Classical.choice, Quot.sound]
'MF21Restart.toeplitz_entry_eq_zero_of_lt_abs' depends on axioms: [propext, Classical.choice, Quot.sound]
'MF21Restart.fourierCoeff_laurent_sum' depends on axioms: [propext, Classical.choice, Quot.sound]
'MF21Restart.fourierCoeff_right_endpoint' depends on axioms: [propext, Classical.choice, Quot.sound]
'MF21Restart.fourierCoeff_left_endpoint' depends on axioms: [propext, Classical.choice, Quot.sound]
'MF21Restart.fourierCoeff_right_endpoint_ne_zero' depends on axioms: [propext, Classical.choice, Quot.sound]
'MF21Restart.fourierCoeff_left_endpoint_ne_zero' depends on axioms: [propext, Classical.choice, Quot.sound]
'MF21Restart.fourierCoeff_shifted_laurent_sum' depends on axioms: [propext, Classical.choice, Quot.sound]
'MF21Restart.fourierRecurrence_charPoly_isRoot' depends on axioms: [propext, Classical.choice, Quot.sound]
'MF21Restart.boundaryDeterminant_grouped_expansion' depends on axioms: [propext, Classical.choice, Quot.sound]
'MF21Restart.boundaryCoefficient_eq_zero_of_card_ne' depends on axioms: [propext, Classical.choice, Quot.sound]
'MF21Restart.boundaryDeterminant_card_grouped_expansion' depends on axioms: [propext, Classical.choice, Quot.sound]
'MF21Restart.boundaryCoefficient_vandermonde' depends on axioms: [propext, Classical.choice, Quot.sound]
'MF21Restart.recurrence_solution_geometric_basis' depends on axioms: [propext, Classical.choice, Quot.sound]
'MF21Restart.geometric_coefficients_zero_of_consecutive_zeros' depends on axioms: [propext,
 Classical.choice,
 Quot.sound]
'MF21Restart.boundary_mulVec_zero_iff_ghosts' depends on axioms: [propext, Classical.choice, Quot.sound]
'MF21Restart.boundaryDeterminant_zero_iff_recurrence_ghosts' depends on axioms: [propext, Classical.choice, Quot.sound]
'MF21Restart.mkSol_eq_of_finite_recurrence' depends on axioms: [propext, Classical.choice, Quot.sound]
'MF21Restart.finite_recurrence_iff_ghost_solution' depends on axioms: [propext, Classical.choice, Quot.sound]
'MF21Restart.zeroGhost_convolution_eq_toeplitz_mulVec' depends on axioms: [propext, Classical.choice, Quot.sound]
'MF21Restart.integral_pow_mul_one_sub_pow' depends on axioms: [propext, Classical.choice, Quot.sound]
'MF21Restart.diagonal_kernel_integral_value' depends on axioms: [propext, Classical.choice, Quot.sound]
'MF21Restart.diagonal_kernel_integral_pos' depends on axioms: [propext, Classical.choice, Quot.sound]
'MF21Restart.diagonal_kernel_integral_rational' depends on axioms: [propext, Classical.choice, Quot.sound]
'MF21Restart.kernel_diagonal_substitution' depends on axioms: [propext, Classical.choice, Quot.sound]
'MF21Restart.kernel_diagonal_integral_value' depends on axioms: [propext, Classical.choice, Quot.sound]
'MF21Restart.pi_transcendental' depends on axioms: [propext, Classical.choice, Quot.sound]
'MF21Restart.rational_sub_div_pi_pow_irrational' depends on axioms: [propext, Classical.choice, Quot.sound]
'MF21Restart.trace_rational_form_irrational' depends on axioms: [propext, Classical.choice, Quot.sound]
'MF21Restart.fourierRecurrence_equation_iff' depends on axioms: [propext, Classical.choice, Quot.sound]
'MF21Restart.boundaryDeterminant_zero_iff_toeplitz_eigenvector' depends on axioms: [propext,
 Classical.choice,
 Quot.sound]
'MF21Restart.eigenvalue_index_iff_mem_orderedList' depends on axioms: [propext, Classical.choice, Quot.sound]
'MF21Restart.eigenvalue_index_iff_charpoly_root' depends on axioms: [propext, Classical.choice, Quot.sound]
'MF21Restart.real_matrix_charpoly_root_iff_complex_eigenvector' depends on axioms: [propext,
 Classical.choice,
 Quot.sound]
'MF21Restart.eigenvalue_index_iff_boundaryDeterminant_zero' depends on axioms: [propext, Classical.choice, Quot.sound]
'MF21Restart.mem_orderedEigenvalueList_iff_boundaryDeterminant_zero' depends on axioms: [propext,
 Classical.choice,
 Quot.sound]
'MF21Restart.hasSum_even_zeta' depends on axioms: [propext, Classical.choice, Quot.sound]
'MF21Restart.hasSum_even_zeta_positive' depends on axioms: [propext, Classical.choice, Quot.sound]
'MF21Restart.hasSum_integer_tail' depends on axioms: [propext, Classical.choice, Quot.sound]
'MF21Restart.integerTailCorrection_pos' depends on axioms: [propext, Classical.choice, Quot.sound]
'MF21Restart.integer_shift_trace_series_irrational' depends on axioms: [propext, Classical.choice, Quot.sound]
'MF21Restart.trace_series_irrational_of_odd' depends on axioms: [propext, Classical.choice, Quot.sound]
'MF21Restart.hasSum_half_integer_zeta' depends on axioms: [propext, Classical.choice, Quot.sound]
'MF21Restart.hasSum_half_integer_tail' depends on axioms: [propext, Classical.choice, Quot.sound]
'MF21Restart.halfIntegerTailCorrection_pos' depends on axioms: [propext, Classical.choice, Quot.sound]
'MF21Restart.half_integer_shift_trace_series_irrational' depends on axioms: [propext, Classical.choice, Quot.sound]
'MF21Restart.trace_series_irrational' depends on axioms: [propext, Classical.choice, Quot.sound]
'MF21Restart.stableQuadraticRoot_ne_zero' depends on axioms: [propext, Classical.choice, Quot.sound]
'MF21Restart.stableQuadraticRoot_equation' depends on axioms: [propext, Classical.choice, Quot.sound]
'MF21Restart.stableQuadraticRoot_norm_lt_one' depends on axioms: [propext, Classical.choice, Quot.sound]
'MF21Restart.stableQuadraticRoot_zero' depends on axioms: [propext, Classical.choice, Quot.sound]
'MF21Restart.stableRootCurve_contDiff' depends on axioms: [propext, Classical.choice, Quot.sound]
'MF21Restart.stableRootCurve_hasDerivAt_zero' depends on axioms: [propext, Classical.choice, Quot.sound]
'MF21Restart.stableRootCurve_norm_lt_one' depends on axioms: [propext, Classical.choice, Quot.sound]
'MF21Restart.stableRootCurve_equation' depends on axioms: [propext, Classical.choice, Quot.sound]
'MF21Restart.rootKappa_re_pos' depends on axioms: [propext, Classical.choice, Quot.sound]
'MF21Restart.rootKappa_norm' depends on axioms: [propext, Classical.choice, Quot.sound]
'MF21Restart.rootKappa_ne_zero' depends on axioms: [propext, Classical.choice, Quot.sound]
'MF21Restart.rootKappa_sq' depends on axioms: [propext, Classical.choice, Quot.sound]
'MF21Restart.stableRootCurve_rootOmega_equation' depends on axioms: [propext, Classical.choice, Quot.sound]
'MF21Restart.phase_factorization' depends on axioms: [propext, Classical.choice, Quot.sound]
'MF21Restart.phaseNormalized_zero' depends on axioms: [propext, Classical.choice, Quot.sound]
'MF21Restart.phaseNormalized_contDiff' depends on axioms: [propext, Classical.choice, Quot.sound]
'MF21Restart.phaseNormalized_re_pos' depends on axioms: [propext, Classical.choice, Quot.sound]
'MF21Restart.individualPhase_eq_original' depends on axioms: [propext, Classical.choice, Quot.sound]
'MF21Restart.individualPhase_contDiffAt' depends on axioms: [propext, Classical.choice, Quot.sound]
'MF21Restart.exists_pos_linear_upper_bound_of_neg_deriv' depends on axioms: [propext, Classical.choice, Quot.sound]
'MF21Restart.exists_pos_exp_upper_bound_of_neg_deriv' depends on axioms: [propext, Classical.choice, Quot.sound]
'MF21Restart.stableRootCurve_norm_hasDerivAt_zero' depends on axioms: [propext, Classical.choice, Quot.sound]
'MF21Restart.stableRootCurve_exp_decay' depends on axioms: [propext, Classical.choice, Quot.sound]
'MF21Restart.rootOmega_pow' depends on axioms: [propext, Classical.choice, Quot.sound]
'MF21Restart.rootOmega_injective' depends on axioms: [propext, Classical.choice, Quot.sound]
'MF21Restart.rootKappa_conj' depends on axioms: [propext, Classical.choice, Quot.sound]
'MF21Restart.stableRootCurve_conj' depends on axioms: [propext, Classical.choice, Quot.sound]
'MF21Restart.stableRootCurve_rootKappa_conj' depends on axioms: [propext, Classical.choice, Quot.sound]
'MF21Restart.stableRootCurve_rootKappa_injective' depends on axioms: [propext, Classical.choice, Quot.sound]
'MF21Restart.stable_roots_uniform_exp_decay' depends on axioms: [propext, Classical.choice, Quot.sound]
'MF21Restart.stableRootCurve_logarithmic_derivative_bounded' depends on axioms: [propext, Classical.choice, Quot.sound]
'MF21Restart.rootKappa_add_I' depends on axioms: [propext, Classical.choice, Quot.sound]
'MF21Restart.individualPhase_rootKappa_zero' depends on axioms: [propext, Classical.choice, Quot.sound]
'MF21Restart.manuscriptPsi_eq_original' depends on axioms: [propext, Classical.choice, Quot.sound]
'MF21Restart.manuscriptPsi_contDiffAt' depends on axioms: [propext, Classical.choice, Quot.sound]
'MF21Restart.manuscriptEta_contDiffAt' depends on axioms: [propext, Classical.choice, Quot.sound]
'MF21Restart.manuscriptPsi_zero' depends on axioms: [propext, Classical.choice, Quot.sound]
'MF21Restart.manuscriptEta_zero' depends on axioms: [propext, Classical.choice, Quot.sound]
'MF21Restart.individualPhase_pi' depends on axioms: [propext, Classical.choice, Quot.sound]
'MF21Restart.individualPhase_rootKappa_pi_reflect' depends on axioms: [propext, Classical.choice, Quot.sound]
'MF21Restart.manuscriptPsi_pi' depends on axioms: [propext, Classical.choice, Quot.sound]
'MF21Restart.manuscriptEta_pi' depends on axioms: [propext, Classical.choice, Quot.sound]
'MF21Restart.boundaryInterior_injective_on_kernel' depends on axioms: [propext, Classical.choice, Quot.sound]
'MF21Restart.boundaryInterior_maps_to_eigenspace' depends on axioms: [propext, Classical.choice, Quot.sound]
'MF21Restart.boundaryInterior_surjective_to_eigenspace' depends on axioms: [propext, Classical.choice, Quot.sound]
'MF21Restart.boundaryEigenspaceMap_bijective' depends on axioms: [propext, Classical.choice, Quot.sound]
'MF21Restart.boundary_kernel_finrank_eq_eigenspace' depends on axioms: [propext, Classical.choice, Quot.sound]
'MF21Restart.det_updateRow_eq_zero_of_two_le_finrank_ker' depends on axioms: [propext, Classical.choice, Quot.sound]
'MF21Restart.hasDerivAt_det_curve' depends on axioms: [propext, Classical.choice, Quot.sound]
'MF21Restart.hasDerivAt_det_zero_of_two_le_finrank_ker' depends on axioms: [propext, Classical.choice, Quot.sound]
'MF21Restart.hasDerivAt_det_zero_of_entrywise_deriv_and_two_le_finrank_ker' depends on axioms: [propext,
 Classical.choice,
 Quot.sound]
'MF21Restart.finrank_ker_eq_one_of_simple_determinant_zero' depends on axioms: [propext, Classical.choice, Quot.sound]
'MF21Restart.toeplitz_eigenspace_finrank_eq_one_of_simple_boundary_zero' depends on axioms: [propext,
 Classical.choice,
 Quot.sound]
'MF21Restart.characteristicRoots_ne_zero' depends on axioms: [propext, Classical.choice, Quot.sound]
'MF21Restart.characteristicRoots_norm_regions' depends on axioms: [propext, Classical.choice, Quot.sound]
'MF21Restart.characteristicRoots_injective' depends on axioms: [propext, Classical.choice, Quot.sound]
'MF21Restart.characteristicRoots_equation' depends on axioms: [propext, Classical.choice, Quot.sound]
'MF21Restart.eigenvalue_iff_manuscriptBoundaryDeterminant_zero' depends on axioms: [propext,
 Classical.choice,
 Quot.sound]
'MF21Restart.manuscript_boundary_kernel_finrank_eq_eigenspace' depends on axioms: [propext,
 Classical.choice,
 Quot.sound]
'MF21Restart.characteristicRoots_contDiff' depends on axioms: [propext, Classical.choice, Quot.sound]
'MF21Restart.manuscriptBoundaryDeterminant_pi' depends on axioms: [propext, Classical.choice, Quot.sound]
'MF21Restart.manuscriptEta_bounded_with_derivative' depends on axioms: [propext, Classical.choice, Quot.sound]
'MF21Restart.manuscriptPhaseFn_zero' depends on axioms: [propext, Classical.choice, Quot.sound]
'MF21Restart.manuscriptPhaseFn_pi' depends on axioms: [propext, Classical.choice, Quot.sound]
'MF21Restart.manuscriptPhaseFn_hasDerivAt' depends on axioms: [propext, Classical.choice, Quot.sound]
'MF21Restart.manuscriptPhaseFn_eventual_derivative_bounds' depends on axioms: [propext, Classical.choice, Quot.sound]
'MF21Restart.manuscriptPhaseFn_eventual_strictMonoOn' depends on axioms: [propext, Classical.choice, Quot.sound]
'MF21Restart.analyticAt_dslope_zero' depends on axioms: [propext, Classical.choice, Quot.sound]
'MF21Restart.analyticAt_dslope_of_forall_analyticAt' depends on axioms: [propext, Classical.choice, Quot.sound]
'MF21Restart.characteristicRoots_zero' depends on axioms: [propext, Classical.choice, Quot.sound]
'MF21Restart.characteristicRoots_hasDerivAt_zero' depends on axioms: [propext, Classical.choice, Quot.sound]
'MF21Restart.characteristicRootTangents_injective' depends on axioms: [propext, Classical.choice, Quot.sound]
'MF21Restart.characteristicRoots_sub_hasDerivAt_zero' depends on axioms: [propext, Classical.choice, Quot.sound]
'MF21Restart.characteristicRootTangents_sub_ne_zero' depends on axioms: [propext, Classical.choice, Quot.sound]
'MF21Restart.count_orderedEigenvalueList_eq_complex_eigenspace_finrank' depends on axioms: [propext,
 Classical.choice,
 Quot.sound]
'MF21Restart.existsUnique_eigenvalue_index_of_complex_eigenspace_finrank_one' depends on axioms: [propext,
 Classical.choice,
 Quot.sound]
'MF21Restart.twice_vandermondeDegree' depends on axioms: [propext, Classical.choice, Quot.sound]
'MF21Restart.vandermonde_mul_scalar' depends on axioms: [propext, Classical.choice, Quot.sound]
'MF21Restart.vandermonde_one_add_mul' depends on axioms: [propext, Classical.choice, Quot.sound]
'MF21Restart.normalizedCharacteristicDifference_analyticAt' depends on axioms: [propext, Classical.choice, Quot.sound]
'MF21Restart.normalizedCharacteristicDifference_contDiff' depends on axioms: [propext, Classical.choice, Quot.sound]
'MF21Restart.normalizedCharacteristicDifference_zero' depends on axioms: [propext, Classical.choice, Quot.sound]
'MF21Restart.characteristicRoots_sub_eq_mul_normalizedDifference' depends on axioms: [propext,
 Classical.choice,
 Quot.sound]
'MF21Restart.normalizedCharacteristicDifference_zero_ne_zero' depends on axioms: [propext, Classical.choice, Quot.sound]
'MF21Restart.normalizedCharacteristicDifference_ne_zero' depends on axioms: [propext, Classical.choice, Quot.sound]
'MF21Restart.normalizedCharacteristicDifferenceProduct_analyticAt' depends on axioms: [propext,
 Classical.choice,
 Quot.sound]
'MF21Restart.normalizedCharacteristicDifferenceProduct_contDiff' depends on axioms: [propext,
 Classical.choice,
 Quot.sound]
'MF21Restart.normalizedCharacteristicDifferenceProduct_zero' depends on axioms: [propext, Classical.choice, Quot.sound]
'MF21Restart.normalizedCharacteristicDifferenceProduct_zero_ne_zero' depends on axioms: [propext,
 Classical.choice,
 Quot.sound]
'MF21Restart.normalizedCharacteristicDifferenceProduct_ne_zero' depends on axioms: [propext,
 Classical.choice,
 Quot.sound]
'MF21Restart.characteristicRoots_differenceProduct_eq_pow_mul' depends on axioms: [propext,
 Classical.choice,
 Quot.sound]
'MF21Restart.characteristicRootSlope_analyticAt' depends on axioms: [propext, Classical.choice, Quot.sound]
'MF21Restart.characteristicRootSlope_contDiff' depends on axioms: [propext, Classical.choice, Quot.sound]
'MF21Restart.characteristicRootSlope_zero' depends on axioms: [propext, Classical.choice, Quot.sound]
'MF21Restart.characteristicRoots_eq_one_add_mul_slope' depends on axioms: [propext, Classical.choice, Quot.sound]
'MF21Restart.normalizedRootVandermonde_contDiff' depends on axioms: [propext, Classical.choice, Quot.sound]
'MF21Restart.rootVandermonde_eq_pow_mul_normalized' depends on axioms: [propext, Classical.choice, Quot.sound]
'MF21Restart.normalizedRootVandermonde_zero_ne_zero' depends on axioms: [propext, Classical.choice, Quot.sound]
'MF21Restart.boundaryCoefficient_eq_pow_mul_normalized' depends on axioms: [propext, Classical.choice, Quot.sound]
'MF21Restart.normalizedBoundaryCoefficient_contDiff' depends on axioms: [propext, Classical.choice, Quot.sound]
'MF21Restart.normalizedBoundaryCoefficient_zero_ne_zero' depends on axioms: [propext, Classical.choice, Quot.sound]
MF21Restart.Target : Prop
'MF21Restart.characteristicRoots_eq_implies_index_eq_or_oscillatory' depends on axioms: [propext,
 Classical.choice,
 Quot.sound]
'MF21Restart.characteristicRoots_sublist_injective' depends on axioms: [propext, Classical.choice, Quot.sound]
'MF21Restart.normalizedRootVandermonde_ne_zero_on_Icc' depends on axioms: [propext, Classical.choice, Quot.sound]
'MF21Restart.normalizedBoundaryCoefficient_ne_zero_on_Icc' depends on axioms: [propext, Classical.choice, Quot.sound]
'MF21Restart.boundaryExteriorProduct_ne_zero' depends on axioms: [propext, Classical.choice, Quot.sound]
'MF21Restart.boundaryProductRatio_ne_zero' depends on axioms: [propext, Classical.choice, Quot.sound]
'MF21Restart.boundaryProductRatio_contDiff' depends on axioms: [propext, Classical.choice, Quot.sound]
'MF21Restart.boundary_nonleading_has_stable_or_omitted_exterior' depends on axioms: [propext,
 Classical.choice,
 Quot.sound]
'MF21Restart.boundaryProductRatio_eq_sdiff_prod' depends on axioms: [propext, Classical.choice, Quot.sound]
'MF21Restart.boundaryProductRatio_uniform_exp_decay' depends on axioms: [propext, Classical.choice, Quot.sound]
'MF21Restart.boundaryCoefficient_ratio_eq_normalized' depends on axioms: [propext, Classical.choice, Quot.sound]
'MF21Restart.normalizedBoundaryRatio_contDiffAt' depends on axioms: [propext, Classical.choice, Quot.sound]
'MF21Restart.exists_pos_bound_with_deriv_of_contDiffAt_on_Icc' depends on axioms: [propext,
 Classical.choice,
 Quot.sound]
'MF21Restart.normalizedBoundaryRatio_bounded_with_derivative' depends on axioms: [propext, Classical.choice, Quot.sound]
'MF21Restart.card_boundaryLeadingZIndices' depends on axioms: [propext, Classical.choice, Quot.sound]
'MF21Restart.boundaryLeadingZIndices_separates' depends on axioms: [propext, Classical.choice, Quot.sound]
'MF21Restart.boundaryPhaseMultiplier_contDiffAt' depends on axioms: [propext, Classical.choice, Quot.sound]
'MF21Restart.normalizedErrorCoefficient_contDiffAt' depends on axioms: [propext, Classical.choice, Quot.sound]
'MF21Restart.normalizedErrorCoefficient_uniform_bound' depends on axioms: [propext, Classical.choice, Quot.sound]
'MF21Restart.normalizedPhaseProduct_contDiff' depends on axioms: [propext, Classical.choice, Quot.sound]
'MF21Restart.normalizedPhaseProduct_zero' depends on axioms: [propext, Classical.choice, Quot.sound]
'MF21Restart.normalizedPhaseProduct_ne_zero' depends on axioms: [propext, Classical.choice, Quot.sound]
'MF21Restart.normalizedPhaseProduct_polar' depends on axioms: [propext, Classical.choice, Quot.sound]
'MF21Restart.manuscriptPhaseProduct_factorization' depends on axioms: [propext, Classical.choice, Quot.sound]
'MF21Restart.manuscriptPhaseProduct_ne_zero' depends on axioms: [propext, Classical.choice, Quot.sound]
'MF21Restart.manuscriptPhaseProduct_polar' depends on axioms: [propext, Classical.choice, Quot.sound]
'MF21Restart.manuscriptPhaseProduct_div_conj' depends on axioms: [propext, Classical.choice, Quot.sound]
'MF21Restart.rootConjugationPerm_sign' depends on axioms: [propext, Classical.choice, Quot.sound]
'MF21Restart.characteristicRoots_conj' depends on axioms: [propext, Classical.choice, Quot.sound]
'MF21Restart.manuscriptBoundaryDeterminant_conj' depends on axioms: [propext, Classical.choice, Quot.sound]
'MF21Restart.manuscriptBoundaryDeterminant_re_eq_zero' depends on axioms: [propext, Classical.choice, Quot.sound]
'MF21Restart.card_boundaryLeadingZInvIndices' depends on axioms: [propext, Classical.choice, Quot.sound]
'MF21Restart.boundaryLeadingZInvIndices_orderEmb_val' depends on axioms: [propext, Classical.choice, Quot.sound]
'MF21Restart.boundaryLeadingZInvIndices_compl_orderEmb_val' depends on axioms: [propext, Classical.choice, Quot.sound]
'MF21Restart.boundaryLeadingZIndices_orderEmb_val' depends on axioms: [propext, Classical.choice, Quot.sound]
'MF21Restart.boundaryLeadingZIndices_compl_orderEmb_val' depends on axioms: [propext, Classical.choice, Quot.sound]
'MF21Restart.boundaryLaplaceSign_leadingZInv' depends on axioms: [propext, Classical.choice, Quot.sound]
'MF21Restart.boundaryLaplaceSign_leadingZ' depends on axioms: [propext, Classical.choice, Quot.sound]
'MF21Restart.stableRootList_conj' depends on axioms: [propext, Classical.choice, Quot.sound]
'MF21Restart.exteriorRootList_conj' depends on axioms: [propext, Classical.choice, Quot.sound]
'MF21Restart.boundaryExteriorProduct_eq_prod_exteriorRootList' depends on axioms: [propext,
 Classical.choice,
 Quot.sound]
'MF21Restart.boundaryExteriorProduct_conj' depends on axioms: [propext, Classical.choice, Quot.sound]
'MF21Restart.boundaryExteriorProduct_zero' depends on axioms: [propext, Classical.choice, Quot.sound]
'MF21Restart.boundaryExteriorProduct_re_pos' depends on axioms: [propext, Classical.choice, Quot.sound]
'MF21Restart.rootVandermondeProduct_conj' depends on axioms: [propext, Classical.choice, Quot.sound]
'MF21Restart.stableRootList_injective' depends on axioms: [propext, Classical.choice, Quot.sound]
'MF21Restart.exteriorRootList_injective' depends on axioms: [propext, Classical.choice, Quot.sound]
'MF21Restart.manuscriptPhaseProduct_contDiff' depends on axioms: [propext, Classical.choice, Quot.sound]
'MF21Restart.manuscriptNormalizer_contDiff' depends on axioms: [propext, Classical.choice, Quot.sound]
'MF21Restart.manuscriptNormalizer_ne_zero' depends on axioms: [propext, Classical.choice, Quot.sound]
'MF21Restart.manuscriptNormalizer_conj' depends on axioms: [propext, Classical.choice, Quot.sound]
'MF21Restart.manuscriptNormalizedDeterminant_real' depends on axioms: [propext, Classical.choice, Quot.sound]
'MF21Restart.eigenvalue_iff_manuscriptNormalizedDeterminant_zero' depends on axioms: [propext,
 Classical.choice,
 Quot.sound]
'MF21Restart.boundaryErrorTerm_contDiffAt' depends on axioms: [propext, Classical.choice, Quot.sound]
'MF21Restart.boundaryErrorExpression_contDiffAt' depends on axioms: [propext, Classical.choice, Quot.sound]
'MF21Restart.boundaryProductRatio_deriv_uniform_bound' depends on axioms: [propext, Classical.choice, Quot.sound]
'MF21Restart.boundaryErrorExpression_exp_bounds' depends on axioms: [propext, Classical.choice, Quot.sound]
'MF21Restart.leading_phaseProduct_conj' depends on axioms: [propext, Classical.choice, Quot.sound]
'MF21Restart.boundaryCoefficient_leadingZ' depends on axioms: [propext, Classical.choice, Quot.sound]
'MF21Restart.boundaryCoefficient_leadingZInv' depends on axioms: [propext, Classical.choice, Quot.sound]
'MF21Restart.boundaryLeadingZIndices_rootProduct' depends on axioms: [propext, Classical.choice, Quot.sound]
'MF21Restart.boundaryLeadingZInvIndices_rootProduct' depends on axioms: [propext, Classical.choice, Quot.sound]
'MF21Restart.boundaryPhaseMultiplier_factor' depends on axioms: [propext, Classical.choice, Quot.sound]
'MF21Restart.manuscriptNormalizer_eq_leading' depends on axioms: [propext, Classical.choice, Quot.sound]
'MF21Restart.boundaryCoefficient_leading_phase_relation' depends on axioms: [propext, Classical.choice, Quot.sound]
'MF21Restart.leading_phase_quotient' depends on axioms: [propext, Classical.choice, Quot.sound]
'MF21Restart.boundaryLeadingTerms_eq_normalizer_mul_sin' depends on axioms: [propext, Classical.choice, Quot.sound]
'MF21Restart.normalizedErrorTerm_eq_raw_quotient' depends on axioms: [propext, Classical.choice, Quot.sound]
'MF21Restart.boundaryLeadingSubsets_ne' depends on axioms: [propext, Classical.choice, Quot.sound]
'MF21Restart.manuscriptNormalizedDeterminant_eq_sin_add_error' depends on axioms: [propext,
 Classical.choice,
 Quot.sound]
'MF21Restart.boundaryErrorExpression_real' depends on axioms: [propext, Classical.choice, Quot.sound]
'MF21Restart.manuscriptError_contDiffAt' depends on axioms: [propext, Classical.choice, Quot.sound]
'MF21Restart.manuscriptError_deriv' depends on axioms: [propext, Classical.choice, Quot.sound]
'MF21Restart.eigenvalue_iff_sin_add_manuscriptError_zero' depends on axioms: [propext, Classical.choice, Quot.sound]
'MF21Restart.manuscriptError_exp_bounds' depends on axioms: [propext, Classical.choice, Quot.sound]
'MF21Restart.manuscriptError_pi' depends on axioms: [propext, Classical.choice, Quot.sound]
'MF21Restart.manuscriptError_endpoint_bound' depends on axioms: [propext, Classical.choice, Quot.sound]
