{
  "verdict": "PASS_RETAINED_EVIDENCE_CONSISTENCY",
  "head": "1f05b398013d44beb7d756cbfbbfd3e875c8deab",
  "proof_modules": 52,
  "contracts_matching_frozen_headers_and_raw_types": 20,
  "receipts": 41,
  "reuse_edges": 689,
  "pins": {
    "leancert": "621a43d7cf21f87872392a01e874f2f1dbddc926",
    "mathlib": "0df444a360eaa60ab8c11dca51a86af692955474",
    "plausible": "b7eb3304aeae834b12dda98993a37f6a41f6f0bb",
    "LeanSearchClient": "5f4d51b81cbd3f6b32b156bfad9056621a040404",
    "importGraph": "16f02aa7642864af59f1ff0e384a015994db9118",
    "proofwidgets": "4be2e3d5087eeb272cf5a8853b8f9dd025ef5957",
    "aesop": "3448c0bcc5ce01b2d1546e483ec3620e32df3d0e",
    "Qq": "92c15be17b7caf78c2ad767ec40f89052d908d81",
    "batteries": "4488d40d070b9700d4d5a6aa342f0d40c31b2a2d",
    "Cli": "6130a47896ce867c6a4a55373441e59e565bad0f"
  },
  "type_log_bytes": 1296589,
  "axioms": [
    "Classical.choice",
    "Quot.sound",
    "propext"
  ],
  "limitation": "No new Lean/Comparator execution; original compiler, dependency worktrees, and .olean files unavailable here. This independently authenticates retained evidence and source correspondence, not external execution."
}
