NLA/MF14Degree44/SeedFirstColumns6.lean:25:15: warning: Unused tactic linter: `simp` does nothing

Note: This linter can be disabled with `set_option linter.unusedTactic false`
NLA/MF14Degree44/SeedFirstColumns6.lean:25:15: warning: this tactic is never executed

Note: This linter can be disabled with `set_option linter.unreachableTactic false`
NLA/MF14Degree44/SeedFirstColumns6.lean:25:2: warning: Used `tac1 <;> tac2` where `(tac1; tac2)` would suffice

Note: This linter can be disabled with `set_option linter.unnecessarySeqFocus false`
'NLA.MF14Degree44.seed_first_column_30' depends on axioms: [propext, Classical.choice, Quot.sound]
NLA/MF14Degree44/SeedFirstColumns6.lean:37:15: warning: Unused tactic linter: `simp` does nothing

Note: This linter can be disabled with `set_option linter.unusedTactic false`
NLA/MF14Degree44/SeedFirstColumns6.lean:37:15: warning: this tactic is never executed

Note: This linter can be disabled with `set_option linter.unreachableTactic false`
NLA/MF14Degree44/SeedFirstColumns6.lean:37:2: warning: Used `tac1 <;> tac2` where `(tac1; tac2)` would suffice

Note: This linter can be disabled with `set_option linter.unnecessarySeqFocus false`
'NLA.MF14Degree44.seed_first_column_31' depends on axioms: [propext, Classical.choice, Quot.sound]
Try this:
  [apply] ring_nf
  
  The `ring` tactic failed to close the goal. Use `ring_nf` to obtain a normal form.
    
  Note that `ring` works primarily in *commutative* rings. If you have a noncommutative ring, abelian group or module, consider using `noncomm_ring`, `abel` or `module` instead.
NLA/MF14Degree44/SeedFirstColumns6.lean:49:2: warning: Used `tac1 <;> tac2` where `(tac1; tac2)` would suffice

Note: This linter can be disabled with `set_option linter.unnecessarySeqFocus false`
NLA/MF14Degree44/SeedFirstColumns6.lean:49:11: warning: Used `tac1 <;> tac2` where `(tac1; tac2)` would suffice

Note: This linter can be disabled with `set_option linter.unnecessarySeqFocus false`
'NLA.MF14Degree44.seed_first_column_32' depends on axioms: [propext, Classical.choice, Quot.sound]
NLA/MF14Degree44/SeedFirstColumns6.lean:61:15: warning: Unused tactic linter: `simp` does nothing

Note: This linter can be disabled with `set_option linter.unusedTactic false`
NLA/MF14Degree44/SeedFirstColumns6.lean:61:15: warning: this tactic is never executed

Note: This linter can be disabled with `set_option linter.unreachableTactic false`
NLA/MF14Degree44/SeedFirstColumns6.lean:61:2: warning: Used `tac1 <;> tac2` where `(tac1; tac2)` would suffice

Note: This linter can be disabled with `set_option linter.unnecessarySeqFocus false`
'NLA.MF14Degree44.seed_first_column_33' depends on axioms: [propext, Classical.choice, Quot.sound]
NLA/MF14Degree44/SeedFirstColumns6.lean:73:15: warning: Unused tactic linter: `simp` does nothing

Note: This linter can be disabled with `set_option linter.unusedTactic false`
NLA/MF14Degree44/SeedFirstColumns6.lean:73:15: warning: this tactic is never executed

Note: This linter can be disabled with `set_option linter.unreachableTactic false`
NLA/MF14Degree44/SeedFirstColumns6.lean:73:2: warning: Used `tac1 <;> tac2` where `(tac1; tac2)` would suffice

Note: This linter can be disabled with `set_option linter.unnecessarySeqFocus false`
'NLA.MF14Degree44.seed_first_column_34' depends on axioms: [propext, Classical.choice, Quot.sound]
