Running: LEAN_NUM_THREADS=1 lake env lean -j1 -M4096 -o .lake/build/lib/lean/MF21Restart/Definitions.olean MF21Restart/Definitions.lean
Running: LEAN_NUM_THREADS=1 lake env lean -j1 -M4096 -o .lake/build/lib/lean/MF21Restart/StatementBridges.olean MF21Restart/StatementBridges.lean
Running: LEAN_NUM_THREADS=1 lake env lean -j1 -M4096 -o .lake/build/lib/lean/MF21Restart/FixedIndex.olean MF21Restart/FixedIndex.lean
Running: LEAN_NUM_THREADS=1 lake env lean -j1 -M4096 -o .lake/build/lib/lean/MF21Restart/BulkDecay.olean MF21Restart/BulkDecay.lean
Running: LEAN_NUM_THREADS=1 lake env lean -j1 -M4096 -o .lake/build/lib/lean/MF21Restart/Numerics.olean MF21Restart/Numerics.lean
Running: LEAN_NUM_THREADS=1 lake env lean -j1 -M4096 -o .lake/build/lib/lean/MF21Restart/FourierStencil.olean MF21Restart/FourierStencil.lean
Running: LEAN_NUM_THREADS=1 lake env lean -j1 -M4096 -o .lake/build/lib/lean/MF21Restart/FourierLaurent.olean MF21Restart/FourierLaurent.lean
Running: LEAN_NUM_THREADS=1 lake env lean -j1 -M4096 -o .lake/build/lib/lean/MF21Restart/FourierEndpoint.olean MF21Restart/FourierEndpoint.lean
Running: LEAN_NUM_THREADS=1 lake env lean -j1 -M4096 -o .lake/build/lib/lean/MF21Restart/FourierRecurrence.olean MF21Restart/FourierRecurrence.lean
Running: LEAN_NUM_THREADS=1 lake env lean -j1 -M4096 -o .lake/build/lib/lean/MF21Restart/BoundaryExpansion.olean MF21Restart/BoundaryExpansion.lean
Running: LEAN_NUM_THREADS=1 lake env lean -j1 -M4096 -o .lake/build/lib/lean/MF21Restart/RecurrenceBasis.olean MF21Restart/RecurrenceBasis.lean
Running: LEAN_NUM_THREADS=1 lake env lean -j1 -M4096 -o .lake/build/lib/lean/MF21Restart/BoundaryRecurrence.olean MF21Restart/BoundaryRecurrence.lean
Running: LEAN_NUM_THREADS=1 lake env lean -j1 -M4096 -o .lake/build/lib/lean/MF21Restart/FiniteRecurrence.olean MF21Restart/FiniteRecurrence.lean
Running: LEAN_NUM_THREADS=1 lake env lean -j1 -M4096 -o .lake/build/lib/lean/MF21Restart/ToeplitzRecurrence.olean MF21Restart/ToeplitzRecurrence.lean
Running: LEAN_NUM_THREADS=1 lake env lean -j1 -M4096 -o .lake/build/lib/lean/MF21Restart/TraceIntegral.olean MF21Restart/TraceIntegral.lean
Running: LEAN_NUM_THREADS=1 lake env lean -j1 -M4096 -o .lake/build/lib/lean/MF21Restart/KernelDiagonal.olean MF21Restart/KernelDiagonal.lean
Running: LEAN_NUM_THREADS=1 lake env lean -j1 -M4096 -o .lake/build/lib/lean/LeanFormalizations/NumberTheory/Transcendence/ETranscendental.olean LeanFormalizations/NumberTheory/Transcendence/ETranscendental.lean
Running: LEAN_NUM_THREADS=1 lake env lean -j1 -M4096 -o .lake/build/lib/lean/LeanFormalizations/NumberTheory/Transcendence/PiLindemann.olean LeanFormalizations/NumberTheory/Transcendence/PiLindemann.lean
Running: LEAN_NUM_THREADS=1 lake env lean -j1 -M4096 -o .lake/build/lib/lean/LeanFormalizations/NumberTheory/Transcendence/HermiteLindemann.olean LeanFormalizations/NumberTheory/Transcendence/HermiteLindemann.lean
Running: LEAN_NUM_THREADS=1 lake env lean -j1 -M4096 -o .lake/build/lib/lean/LeanFormalizations/NumberTheory/Transcendence/MonicRootSums.olean LeanFormalizations/NumberTheory/Transcendence/MonicRootSums.lean
Running: LEAN_NUM_THREADS=1 lake env lean -j1 -M4096 -o .lake/build/lib/lean/LeanFormalizations/NumberTheory/Transcendence/SubsetSumEsymm.olean LeanFormalizations/NumberTheory/Transcendence/SubsetSumEsymm.lean
Running: LEAN_NUM_THREADS=1 lake env lean -j1 -M4096 -o .lake/build/lib/lean/LeanFormalizations/NumberTheory/Transcendence/PiTranscendental.olean LeanFormalizations/NumberTheory/Transcendence/PiTranscendental.lean
Running: LEAN_NUM_THREADS=1 lake env lean -j1 -M4096 -o .lake/build/lib/lean/MF21Restart/PiTranscendence.olean MF21Restart/PiTranscendence.lean
Running: LEAN_NUM_THREADS=1 lake env lean -j1 -M4096 -o .lake/build/lib/lean/MF21Restart/TraceIrrationality.olean MF21Restart/TraceIrrationality.lean
Running: LEAN_NUM_THREADS=1 lake env lean -j1 -M4096 -o .lake/build/lib/lean/MF21Restart/FourierRecurrenceEquation.olean MF21Restart/FourierRecurrenceEquation.lean
Running: LEAN_NUM_THREADS=1 lake env lean -j1 -M4096 -o .lake/build/lib/lean/MF21Restart/BoundaryToeplitz.olean MF21Restart/BoundaryToeplitz.lean
Running: LEAN_NUM_THREADS=1 lake env lean -j1 -M4096 -o .lake/build/lib/lean/MF21Restart/EigenvalueBridge.olean MF21Restart/EigenvalueBridge.lean
Running: LEAN_NUM_THREADS=1 lake env lean -j1 -M4096 -o .lake/build/lib/lean/MF21Restart/RealComplexEigenvalue.olean MF21Restart/RealComplexEigenvalue.lean
Running: LEAN_NUM_THREADS=1 lake env lean -j1 -M4096 -o .lake/build/lib/lean/MF21Restart/TraceSeriesZeta.olean MF21Restart/TraceSeriesZeta.lean
Running: LEAN_NUM_THREADS=1 lake env lean -j1 -M4096 -o .lake/build/lib/lean/MF21Restart/TraceSeriesOdd.olean MF21Restart/TraceSeriesOdd.lean
Running: LEAN_NUM_THREADS=1 lake env lean -j1 -M4096 -o .lake/build/lib/lean/MF21Restart/TraceSeriesHalf.olean MF21Restart/TraceSeriesHalf.lean
Running: LEAN_NUM_THREADS=1 lake env lean -j1 -M4096 -o .lake/build/lib/lean/MF21Restart/TraceSeries.olean MF21Restart/TraceSeries.lean
Running: LEAN_NUM_THREADS=1 lake env lean -j1 -M4096 -o .lake/build/lib/lean/MF21Restart/StableRootAlgebra.olean MF21Restart/StableRootAlgebra.lean
Running: LEAN_NUM_THREADS=1 lake env lean -j1 -M4096 -o .lake/build/lib/lean/MF21Restart/StableRootSmooth.olean MF21Restart/StableRootSmooth.lean
Running: LEAN_NUM_THREADS=1 lake env lean -j1 -M4096 -o .lake/build/lib/lean/MF21Restart/RootParameters.olean MF21Restart/RootParameters.lean
Running: LEAN_NUM_THREADS=1 lake env lean -j1 -M4096 -o .lake/build/lib/lean/MF21Restart/PhaseFactor.olean MF21Restart/PhaseFactor.lean
Running: LEAN_NUM_THREADS=1 lake env lean -j1 -M4096 -o .lake/build/lib/lean/MF21Restart/StableRootDecay.olean MF21Restart/StableRootDecay.lean
Running: LEAN_NUM_THREADS=1 lake env lean -j1 -M4096 -o .lake/build/lib/lean/MF21Restart/RootDistinctness.olean MF21Restart/RootDistinctness.lean
Running: LEAN_NUM_THREADS=1 lake env lean -j1 -M4096 -o .lake/build/lib/lean/MF21Restart/StableRootSymmetry.olean MF21Restart/StableRootSymmetry.lean
Running: LEAN_NUM_THREADS=1 lake env lean -j1 -M4096 -o .lake/build/lib/lean/MF21Restart/StableRootBounds.olean MF21Restart/StableRootBounds.lean
Running: LEAN_NUM_THREADS=1 lake env lean -j1 -M4096 -o .lake/build/lib/lean/MF21Restart/PhaseZero.olean MF21Restart/PhaseZero.lean
Running: LEAN_NUM_THREADS=1 lake env lean -j1 -M4096 -o .lake/build/lib/lean/MF21Restart/PhasePi.olean MF21Restart/PhasePi.lean
Running: LEAN_NUM_THREADS=1 lake env lean -j1 -M4096 -o .lake/build/lib/lean/MF21Restart/BoundaryMultiplicity.olean MF21Restart/BoundaryMultiplicity.lean
Running: LEAN_NUM_THREADS=1 lake env lean -j1 -M4096 -o .lake/build/lib/lean/MF21Restart/DeterminantMultiplicity.olean MF21Restart/DeterminantMultiplicity.lean
Running: LEAN_NUM_THREADS=1 lake env lean -j1 -M4096 -o .lake/build/lib/lean/MF21Restart/SimpleDeterminant.olean MF21Restart/SimpleDeterminant.lean
Running: LEAN_NUM_THREADS=1 lake env lean -j1 -M4096 -o .lake/build/lib/lean/MF21Restart/CharacteristicRoots.olean MF21Restart/CharacteristicRoots.lean
Running: LEAN_NUM_THREADS=1 lake env lean -j1 -M4096 -o .lake/build/lib/lean/MF21Restart/ConcreteBoundary.olean MF21Restart/ConcreteBoundary.lean
Running: LEAN_NUM_THREADS=1 lake env lean -j1 -M4096 -o .lake/build/lib/lean/MF21Restart/PhaseMonotonicity.olean MF21Restart/PhaseMonotonicity.lean
Running: LEAN_NUM_THREADS=1 lake env lean -j1 -M4096 -o .lake/build/lib/lean/MF21Restart/AnalyticSlope.olean MF21Restart/AnalyticSlope.lean
Running: LEAN_NUM_THREADS=1 lake env lean -j1 -M4096 -o .lake/build/lib/lean/MF21Restart/RootTangents.olean MF21Restart/RootTangents.lean
Running: LEAN_NUM_THREADS=1 lake env lean -j1 -M4096 -o .lake/build/lib/lean/MF21Restart/EigenvalueMultiplicity.olean MF21Restart/EigenvalueMultiplicity.lean
Running: LEAN_NUM_THREADS=1 lake env lean -j1 -M4096 -o .lake/build/lib/lean/MF21Restart/VandermondeScale.olean MF21Restart/VandermondeScale.lean
Running: LEAN_NUM_THREADS=1 lake env lean -j1 -M4096 -o .lake/build/lib/lean/MF21Restart/RootDifferences.olean MF21Restart/RootDifferences.lean
Running: LEAN_NUM_THREADS=1 lake env lean -j1 -M4096 -o .lake/build/lib/lean/MF21Restart/NormalizedBoundary.olean MF21Restart/NormalizedBoundary.lean
Running: LEAN_NUM_THREADS=1 lake env lean -j1 -M4096 -o .lake/build/lib/lean/MF21Restart/CharacteristicSublist.olean MF21Restart/CharacteristicSublist.lean
Running: LEAN_NUM_THREADS=1 lake env lean -j1 -M4096 -o .lake/build/lib/lean/MF21Restart/BoundaryProductDecay.olean MF21Restart/BoundaryProductDecay.lean
Running: LEAN_NUM_THREADS=1 lake env lean -j1 -M4096 -o .lake/build/lib/lean/MF21Restart/NormalizedQuotient.olean MF21Restart/NormalizedQuotient.lean
Running: LEAN_NUM_THREADS=1 lake env lean -j1 -M4096 -o .lake/build/lib/lean/MF21Restart/NormalizedErrorCoefficient.olean MF21Restart/NormalizedErrorCoefficient.lean
Running: LEAN_NUM_THREADS=1 lake env lean -j1 -M4096 -o .lake/build/lib/lean/MF21Restart/PhaseProduct.olean MF21Restart/PhaseProduct.lean
Running: LEAN_NUM_THREADS=1 lake env lean -j1 -M4096 -o .lake/build/lib/lean/MF21Restart/BoundaryConjugation.olean MF21Restart/BoundaryConjugation.lean
Running: LEAN_NUM_THREADS=1 lake env lean -j1 -M4096 -o .lake/build/lib/lean/MF21Restart/LeadingBoundaryIndices.olean MF21Restart/LeadingBoundaryIndices.lean
Running: LEAN_NUM_THREADS=1 lake env lean -j1 -M4096 -o .lake/build/lib/lean/MF21Restart/RootListProducts.olean MF21Restart/RootListProducts.lean
Running: LEAN_NUM_THREADS=1 lake env lean -j1 -M4096 -o .lake/build/lib/lean/MF21Restart/BoundaryNormalizer.olean MF21Restart/BoundaryNormalizer.lean
Running: LEAN_NUM_THREADS=1 lake env lean -j1 -M4096 -o .lake/build/lib/lean/MF21Restart/BoundaryErrorBounds.olean MF21Restart/BoundaryErrorBounds.lean
Running: LEAN_NUM_THREADS=1 lake env lean -j1 -M4096 -o .lake/build/lib/lean/MF21Restart/LeadingBoundaryCoefficients.olean MF21Restart/LeadingBoundaryCoefficients.lean
Running: LEAN_NUM_THREADS=1 lake env lean -j1 -M4096 -o .lake/build/lib/lean/MF21Restart/LeadingNormalization.olean MF21Restart/LeadingNormalization.lean
Running: LEAN_NUM_THREADS=1 lake env lean -j1 -M4096 -o .lake/build/lib/lean/MF21Restart/DeterminantRemainder.olean MF21Restart/DeterminantRemainder.lean
Running: LEAN_NUM_THREADS=1 lake env lean -j1 -M4096 -o .lake/build/lib/lean/MF21Restart/SpectralWindowBounds.olean MF21Restart/SpectralWindowBounds.lean
Running: LEAN_NUM_THREADS=1 lake env lean -j1 -M4096 -o .lake/build/lib/lean/MF21Restart/SpectralEnclosure.olean MF21Restart/SpectralEnclosure.lean
Running: LEAN_NUM_THREADS=1 lake env lean -j1 -M4096 -o .lake/build/lib/lean/MF21Restart/WeightedBinomialInverse.olean MF21Restart/WeightedBinomialInverse.lean
Running: LEAN_NUM_THREADS=1 lake env lean -j1 -M4096 -o .lake/build/lib/lean/MF21Restart/ActualSimpleRoots.olean MF21Restart/ActualSimpleRoots.lean
Running: LEAN_NUM_THREADS=1 lake env lean -j1 -M4096 -o .lake/build/lib/lean/MF21Restart/TriangularInverse.olean MF21Restart/TriangularInverse.lean
Running: LEAN_NUM_THREADS=1 lake env lean -j1 -M4096 -o .lake/build/lib/lean/MF21Restart/FourierBinomialStencil.olean MF21Restart/FourierBinomialStencil.lean
Running: LEAN_NUM_THREADS=1 lake env lean -j1 -M4096 -o .lake/build/lib/lean/MF21Restart/PhaseWindowRoots.olean MF21Restart/PhaseWindowRoots.lean
Running: LEAN_NUM_THREADS=1 lake env lean -j1 -M4096 -o .lake/build/lib/lean/MF21Restart/MatrixInverseAlgebra.olean MF21Restart/MatrixInverseAlgebra.lean
Running: LEAN_NUM_THREADS=1 lake env lean -j1 -M4096 -o .lake/build/lib/lean/MF21Restart/FinalPhaseWindow.olean MF21Restart/FinalPhaseWindow.lean
Running: LEAN_NUM_THREADS=1 lake env lean -j1 -M4096 -o .lake/build/lib/lean/MF21Restart/ToeplitzWeightedFactorization.olean MF21Restart/ToeplitzWeightedFactorization.lean
Running: LEAN_NUM_THREADS=1 lake env lean -j1 -M4096 -o .lake/build/lib/lean/MF21Restart/ToeplitzInverse.olean MF21Restart/ToeplitzInverse.lean
Running: LEAN_NUM_THREADS=1 lake env lean -j1 -M4096 -o .lake/build/lib/lean/MF21Restart/InverseKernelEntries.olean MF21Restart/InverseKernelEntries.lean
Running: LEAN_NUM_THREADS=1 lake env lean -j1 -M4096 -o .lake/build/lib/lean/MF21Restart.olean MF21Restart.lean
Running: LEAN_NUM_THREADS=1 lake env lean -j1 -M4096 -o .lake/build/lib/lean/Solution.olean Solution.lean
Running: LEAN_NUM_THREADS=1 lake env lean -j1 -M4096 -o .lake/build/lib/lean/Challenge.olean Challenge.lean
Running: LEAN_NUM_THREADS=1 lake env lean -j1 -M4096 -o .lake/build/lib/lean/Audit.olean Audit.lean
PASS: partial components only
