Running: LEAN_NUM_THREADS=1 lake env lean -j1 -M4096 -o .lake/build/lib/lean/MF21Restart/Definitions.olean MF21Restart/Definitions.lean
Running: LEAN_NUM_THREADS=1 lake env lean -j1 -M4096 -o .lake/build/lib/lean/MF21Restart/StatementBridges.olean MF21Restart/StatementBridges.lean
Running: LEAN_NUM_THREADS=1 lake env lean -j1 -M4096 -o .lake/build/lib/lean/MF21Restart/FixedIndex.olean MF21Restart/FixedIndex.lean
Running: LEAN_NUM_THREADS=1 lake env lean -j1 -M4096 -o .lake/build/lib/lean/MF21Restart/BulkDecay.olean MF21Restart/BulkDecay.lean
Running: LEAN_NUM_THREADS=1 lake env lean -j1 -M4096 -o .lake/build/lib/lean/MF21Restart/Numerics.olean MF21Restart/Numerics.lean
Running: LEAN_NUM_THREADS=1 lake env lean -j1 -M4096 -o .lake/build/lib/lean/MF21Restart/FourierStencil.olean MF21Restart/FourierStencil.lean
Traceback (most recent call last):
  File "/Users/georgestepaniants/Research/OpenProblemsInNLA/lean-verification/MF21-restart/verify_local.py", line 227, in <module>
    sys.exit(main())
             ~~~~^^
  File "/Users/georgestepaniants/Research/OpenProblemsInNLA/lean-verification/MF21-restart/verify_local.py", line 186, in main
    result = subprocess.run(command, cwd=ROOT, env=environment,
                            stdout=handle, stderr=subprocess.STDOUT)
  File "/opt/homebrew/Cellar/python@3.13/3.13.2/Frameworks/Python.framework/Versions/3.13/lib/python3.13/subprocess.py", line 558, in run
    stdout, stderr = process.communicate(input, timeout=timeout)
                     ~~~~~~~~~~~~~~~~~~~^^^^^^^^^^^^^^^^^^^^^^^^
  File "/opt/homebrew/Cellar/python@3.13/3.13.2/Frameworks/Python.framework/Versions/3.13/lib/python3.13/subprocess.py", line 1213, in communicate
    self.wait()
    ~~~~~~~~~^^
  File "/opt/homebrew/Cellar/python@3.13/3.13.2/Frameworks/Python.framework/Versions/3.13/lib/python3.13/subprocess.py", line 1276, in wait
    return self._wait(timeout=timeout)
           ~~~~~~~~~~^^^^^^^^^^^^^^^^^
  File "/opt/homebrew/Cellar/python@3.13/3.13.2/Frameworks/Python.framework/Versions/3.13/lib/python3.13/subprocess.py", line 2068, in _wait
    (pid, sts) = self._try_wait(0)
                 ~~~~~~~~~~~~~~^^^
  File "/opt/homebrew/Cellar/python@3.13/3.13.2/Frameworks/Python.framework/Versions/3.13/lib/python3.13/subprocess.py", line 2026, in _try_wait
    (pid, sts) = os.waitpid(self.pid, wait_flags)
                 ~~~~~~~~~~^^^^^^^^^^^^^^^^^^^^^^
KeyboardInterrupt
