Running: LEAN_NUM_THREADS=1 lake env lean -j1 -M4096 -o .lake/build/lib/lean/MF21Restart/Definitions.olean MF21Restart/Definitions.lean
Running: LEAN_NUM_THREADS=1 lake env lean -j1 -M4096 -o .lake/build/lib/lean/MF21Restart/StatementBridges.olean MF21Restart/StatementBridges.lean
Running: LEAN_NUM_THREADS=1 lake env lean -j1 -M4096 -o .lake/build/lib/lean/MF21Restart/FixedIndex.olean MF21Restart/FixedIndex.lean
Running: LEAN_NUM_THREADS=1 lake env lean -j1 -M4096 -o .lake/build/lib/lean/MF21Restart/BulkDecay.olean MF21Restart/BulkDecay.lean
Running: LEAN_NUM_THREADS=1 lake env lean -j1 -M4096 -o .lake/build/lib/lean/MF21Restart/Numerics.olean MF21Restart/Numerics.lean
Running: LEAN_NUM_THREADS=1 lake env lean -j1 -M4096 -o .lake/build/lib/lean/MF21Restart/FourierStencil.olean MF21Restart/FourierStencil.lean
Running: LEAN_NUM_THREADS=1 lake env lean -j1 -M4096 -o .lake/build/lib/lean/MF21Restart/FourierLaurent.olean MF21Restart/FourierLaurent.lean
Running: LEAN_NUM_THREADS=1 lake env lean -j1 -M4096 -o .lake/build/lib/lean/MF21Restart/FourierEndpoint.olean MF21Restart/FourierEndpoint.lean
Running: LEAN_NUM_THREADS=1 lake env lean -j1 -M4096 -o .lake/build/lib/lean/MF21Restart/FourierRecurrence.olean MF21Restart/FourierRecurrence.lean
Running: LEAN_NUM_THREADS=1 lake env lean -j1 -M4096 -o .lake/build/lib/lean/MF21Restart/BoundaryExpansion.olean MF21Restart/BoundaryExpansion.lean
Running: LEAN_NUM_THREADS=1 lake env lean -j1 -M4096 -o .lake/build/lib/lean/MF21Restart/RecurrenceBasis.olean MF21Restart/RecurrenceBasis.lean
Running: LEAN_NUM_THREADS=1 lake env lean -j1 -M4096 -o .lake/build/lib/lean/MF21Restart/BoundaryRecurrence.olean MF21Restart/BoundaryRecurrence.lean
Running: LEAN_NUM_THREADS=1 lake env lean -j1 -M4096 -o .lake/build/lib/lean/MF21Restart/FiniteRecurrence.olean MF21Restart/FiniteRecurrence.lean
Running: LEAN_NUM_THREADS=1 lake env lean -j1 -M4096 -o .lake/build/lib/lean/MF21Restart/ToeplitzRecurrence.olean MF21Restart/ToeplitzRecurrence.lean
Running: LEAN_NUM_THREADS=1 lake env lean -j1 -M4096 -o .lake/build/lib/lean/MF21Restart/TraceIntegral.olean MF21Restart/TraceIntegral.lean
Running: LEAN_NUM_THREADS=1 lake env lean -j1 -M4096 -o .lake/build/lib/lean/MF21Restart/KernelDiagonal.olean MF21Restart/KernelDiagonal.lean
Running: LEAN_NUM_THREADS=1 lake env lean -j1 -M4096 -o .lake/build/lib/lean/LeanFormalizations/NumberTheory/Transcendence/ETranscendental.olean LeanFormalizations/NumberTheory/Transcendence/ETranscendental.lean
Running: LEAN_NUM_THREADS=1 lake env lean -j1 -M4096 -o .lake/build/lib/lean/LeanFormalizations/NumberTheory/Transcendence/PiLindemann.olean LeanFormalizations/NumberTheory/Transcendence/PiLindemann.lean
Running: LEAN_NUM_THREADS=1 lake env lean -j1 -M4096 -o .lake/build/lib/lean/LeanFormalizations/NumberTheory/Transcendence/HermiteLindemann.olean LeanFormalizations/NumberTheory/Transcendence/HermiteLindemann.lean
Running: LEAN_NUM_THREADS=1 lake env lean -j1 -M4096 -o .lake/build/lib/lean/LeanFormalizations/NumberTheory/Transcendence/MonicRootSums.olean LeanFormalizations/NumberTheory/Transcendence/MonicRootSums.lean
Running: LEAN_NUM_THREADS=1 lake env lean -j1 -M4096 -o .lake/build/lib/lean/LeanFormalizations/NumberTheory/Transcendence/SubsetSumEsymm.olean LeanFormalizations/NumberTheory/Transcendence/SubsetSumEsymm.lean
Running: LEAN_NUM_THREADS=1 lake env lean -j1 -M4096 -o .lake/build/lib/lean/LeanFormalizations/NumberTheory/Transcendence/PiTranscendental.olean LeanFormalizations/NumberTheory/Transcendence/PiTranscendental.lean
Running: LEAN_NUM_THREADS=1 lake env lean -j1 -M4096 -o .lake/build/lib/lean/MF21Restart/PiTranscendence.olean MF21Restart/PiTranscendence.lean
Running: LEAN_NUM_THREADS=1 lake env lean -j1 -M4096 -o .lake/build/lib/lean/MF21Restart/TraceIrrationality.olean MF21Restart/TraceIrrationality.lean
Running: LEAN_NUM_THREADS=1 lake env lean -j1 -M4096 -o .lake/build/lib/lean/MF21Restart.olean MF21Restart.lean
Running: LEAN_NUM_THREADS=1 lake env lean -j1 -M4096 -o .lake/build/lib/lean/Solution.olean Solution.lean
Running: LEAN_NUM_THREADS=1 lake env lean -j1 -M4096 -o .lake/build/lib/lean/Challenge.olean Challenge.lean
Running: LEAN_NUM_THREADS=1 lake env lean -j1 -M4096 -o .lake/build/lib/lean/Audit.olean Audit.lean
PASS: partial components only
