MF21Restart/LeadingNormalization.lean:36:6: warning: Unused tactic linter: `ring` does nothing

Note: This linter can be disabled with `set_option linter.unusedTactic false`
MF21Restart/LeadingNormalization.lean:36:6: warning: this tactic is never executed

Note: This linter can be disabled with `set_option linter.unreachableTactic false`
MF21Restart/LeadingNormalization.lean:77:6: warning: Unused tactic linter: `ring` does nothing

Note: This linter can be disabled with `set_option linter.unusedTactic false`
MF21Restart/LeadingNormalization.lean:77:6: warning: this tactic is never executed

Note: This linter can be disabled with `set_option linter.unreachableTactic false`
MF21Restart/LeadingNormalization.lean:127:12: warning: Unused tactic linter: `ring` does nothing

Note: This linter can be disabled with `set_option linter.unusedTactic false`
MF21Restart/LeadingNormalization.lean:127:12: warning: this tactic is never executed

Note: This linter can be disabled with `set_option linter.unreachableTactic false`
MF21Restart/LeadingNormalization.lean:158:6: warning: Unused tactic linter: `ring` does nothing

Note: This linter can be disabled with `set_option linter.unusedTactic false`
MF21Restart/LeadingNormalization.lean:158:6: warning: this tactic is never executed

Note: This linter can be disabled with `set_option linter.unreachableTactic false`
'MF21Restart.boundaryPhaseMultiplier_factor' depends on axioms: [propext, Classical.choice, Quot.sound]
'MF21Restart.manuscriptNormalizer_eq_leading' depends on axioms: [propext, Classical.choice, Quot.sound]
'MF21Restart.boundaryCoefficient_leading_phase_relation' depends on axioms: [propext, Classical.choice, Quot.sound]
'MF21Restart.leading_phase_quotient' depends on axioms: [propext, Classical.choice, Quot.sound]
'MF21Restart.boundaryLeadingTerms_eq_normalizer_mul_sin' depends on axioms: [propext, Classical.choice, Quot.sound]
'MF21Restart.normalizedErrorTerm_eq_raw_quotient' depends on axioms: [propext, Classical.choice, Quot.sound]
