MF21Restart/SpectralTracePassage.lean:60:13: warning: Variable name `hm` is not explicitly referenced.

Hint: The binding can be removed (if unused) or named `_` (if used implicitly). Alternatively, prefix the name with `_` to silence this warning:
  [apply] _hm

Note: This linter can be disabled with `set_option linter.unusedVariables false`
MF21Restart/SpectralTracePassage.lean:84:15: warning: This simp argument is unused:
  one_div_pow

Hint: Omit it from the simp argument list.
  [apply] simp only [one_div, div_eq_mul_inv, mul_inv_rev]

Note: This linter can be disabled with `set_option linter.unusedSimpArgs false`
MF21Restart/SpectralTracePassage.lean:84:28: warning: This simp argument is unused:
  one_div

Hint: Omit it from the simp argument list.
  [apply] simp only [one_div_pow, div_eq_mul_inv, mul_inv_rev]

Note: This linter can be disabled with `set_option linter.unusedSimpArgs false`
'MF21Restart.inverseSpectralTerm_nonneg' depends on axioms: [propext, Classical.choice, Quot.sound]
'MF21Restart.tsum_inverseSpectralTerm_eq_trace' depends on axioms: [propext, Classical.choice, Quot.sound]
'MF21Restart.inverseSpectralTerm_tendsto' depends on axioms: [propext, Classical.choice, Quot.sound]
'MF21Restart.toeplitz_inverse_trace_tendsto_series_of_limits_and_majorant' depends on axioms: [propext,
 Classical.choice,
 Quot.sound]
