MF21Restart/ActualFixedIndex.lean:61:38: error: Type mismatch
  add_le_add_right hb ?m.654
has type
  ?m.654 + |Y (mesh n j, h n) - (mesh n j, h n).1| ≤ ?m.654 + C * |(mesh n j, h n).2|
but is expected to have type
  |Y (mesh n j, h n) - mesh n j| + |mesh n j| ≤ C * |h n| + |mesh n j|
MF21Restart/ActualFixedIndex.lean:74:4: error: Type mismatch: After simplification, term
  he
 has type
  y n = ↑j * Real.pi * (1 / (↑n + 2)) + 1 / (↑n + 2) * manuscriptEta m (Y (↑j * Real.pi * (1 / (↑n + 2)), 1 / (↑n + 2)))
but is expected to have type
  y n = ↑j * Real.pi * (1 / (↑n + 2)) + 1 / (↑n + 2) * manuscriptEta m (y n)
MF21Restart/ActualFixedIndex.lean:85:4: error: Type mismatch: After simplification, term
  ht
 has type
  |symbol m (Y (mesh n j, 1 * (↑n + 2)⁻¹)) - expansion (implicitPhaseCoefficient m Y) (2 * m) n j| ≤
    B * (1 * (↑n + 2)⁻¹) ^ (2 * m + 1)
but is expected to have type
  |symbol m (Y (mesh n j, 1 * (↑n + 2)⁻¹)) - expansion (implicitPhaseCoefficient m Y) (2 * m) n j| ≤
    B * ((↑n + 2) ^ (2 * m + 1))⁻¹
'MF21Restart.critical_bound_implies_actual_fixed_index_limit' depends on axioms: [propext,
 sorryAx,
 Classical.choice,
 Quot.sound]
