MF21Restart/BoundaryProductDecay.lean:74:2: error: Type mismatch: After simplification, term
  ContDiff.mul hnum (ContDiff.inv (boundaryExteriorProduct_contDiff m hm) (boundaryExteriorProduct_ne_zero m))
 has type
  @ContDiff ℝ DenselyNormedField.toNontriviallyNormedField ℝ Real.normedAddCommGroup
    RCLike.toInnerProductSpaceReal.toNormedSpace ℂ NonUnitalNormedRing.toNormedAddCommGroup
    (NormedAlgebra.toNormedSpace ℂ) ⊤ fun x => (∏ i ∈ S, characteristicRoots m x i) * (boundaryExteriorProduct m)⁻¹ x
but is expected to have type
  @ContDiff ℝ DenselyNormedField.toNontriviallyNormedField ℝ Real.normedAddCommGroup
    RCLike.toInnerProductSpaceReal.toNormedSpace ℂ Complex.instNormedAddCommGroup
    instInnerProductSpaceRealComplex.toNormedSpace ⊤ fun θ =>
    (∏ i ∈ S, characteristicRoots m θ i) * (boundaryExteriorProduct m θ)⁻¹
MF21Restart/BoundaryProductDecay.lean:111:50: error: Type mismatch
  Finset.singleton_union
has type
  ∀ (x : ?m.226) (s : Finset ?m.226), {x} ∪ s = insert x s
but is expected to have type
  {i} ∪ boundaryExteriorIndices m = insert i (boundaryExteriorIndices m)
'MF21Restart.boundaryExteriorProduct_ne_zero' depends on axioms: [propext, Classical.choice, Quot.sound]
'MF21Restart.boundaryProductRatio_ne_zero' depends on axioms: [propext, Classical.choice, Quot.sound]
'MF21Restart.boundaryProductRatio_contDiff' depends on axioms: [propext, sorryAx, Classical.choice, Quot.sound]
'MF21Restart.boundary_nonleading_has_stable_or_omitted_exterior' depends on axioms: [propext,
 sorryAx,
 Classical.choice,
 Quot.sound]
'MF21Restart.boundaryProductRatio_eq_sdiff_prod' depends on axioms: [propext, Classical.choice, Quot.sound]
'MF21Restart.boundaryProductRatio_uniform_exp_decay' depends on axioms: [propext, sorryAx, Classical.choice, Quot.sound]
