MF21Restart/BoundaryMultiplicity.lean:90:4: error: Type mismatch: After simplification, term
  zeroGhostExtension_eq_of_ghosts m n u hg.left hg.right
 has type
  ∀ t < n + 2 * m, zeroGhostExtension m n (fun i => ∑ i_1, c i_1 * w i_1 ^ (m + ↑i)) t = ∑ i, c i * w i ^ t
but is expected to have type
  ∀ t < n + 2 * m, zeroGhostExtension m n ((boundaryInterior m n w) c) t = ∑ i, c i * w i ^ t
MF21Restart/BoundaryMultiplicity.lean:124:10: error: Tactic `rewrite` failed: Did not find an occurrence of the pattern
  ∑ i, c i * w i ^ ↑k
in the target expression
  ∑ i, c i * w i ^ ↑k = 0

case refine_1.left
m n : ℕ
hm : 1 ≤ m
lam : ℂ
w : Fin (2 * m) → ℂ
hinj : Function.Injective w
hnonzero : ∀ (i : Fin (2 * m)), w i ≠ 0
hvalue : ∀ (i : Fin (2 * m)), (2 - w i - (w i)⁻¹) ^ m = lam
v : Fin n → ℂ
hv : (toeplitz m n).map Complex.ofReal *ᵥ v = lam • v
E : LinearRecurrence ℂ := fourierRecurrence m lam
u : ℕ → ℂ := E.mkSol fun i => zeroGhostExtension m n v ↑i
hrec :
  ∀ (k : Fin n),
    zeroGhostExtension m n v (↑k + 2 * m) = ∑ i, (fourierRecurrence m lam).coeffs i * zeroGhostExtension m n v (↑k + ↑i)
heq : ∀ t < n + 2 * m, u t = zeroGhostExtension m n v t
hroot : ∀ (i : Fin (2 * m)), E.charPoly.IsRoot (w i)
c : Fin E.order → ℂ
hc : ∀ (k : ℕ), u k = ∑ i, c i * w i ^ k
right✝ : ∀ (y : Fin E.order → ℂ), (fun c => ∀ (k : ℕ), u k = ∑ i, c i * w i ^ k) y → y = c
k : Fin m
⊢ ∑ i, c i * w i ^ ↑k = 0

Note: The target expression is not type-correct under the `implicit` transparency level, which may have triggered the failure. This is usually caused by unfolding of semireducible definitions in prior tactic steps. Use `set_option linter.tacticCheckInstances true` to investigate the source of the issue.
Full error:
  Application type mismatch: The argument
    i
  has type
    Fin (2 * m)
  but is expected to have type
    Fin E.order
  in the application
    c i
MF21Restart/BoundaryMultiplicity.lean:127:10: error: Tactic `rewrite` failed: Did not find an occurrence of the pattern
  ∑ i, c i * w i ^ (n + m + ↑k)
in the target expression
  ∑ i, c i * w i ^ (n + m + ↑k) = 0

case refine_1.right
m n : ℕ
hm : 1 ≤ m
lam : ℂ
w : Fin (2 * m) → ℂ
hinj : Function.Injective w
hnonzero : ∀ (i : Fin (2 * m)), w i ≠ 0
hvalue : ∀ (i : Fin (2 * m)), (2 - w i - (w i)⁻¹) ^ m = lam
v : Fin n → ℂ
hv : (toeplitz m n).map Complex.ofReal *ᵥ v = lam • v
E : LinearRecurrence ℂ := fourierRecurrence m lam
u : ℕ → ℂ := E.mkSol fun i => zeroGhostExtension m n v ↑i
hrec :
  ∀ (k : Fin n),
    zeroGhostExtension m n v (↑k + 2 * m) = ∑ i, (fourierRecurrence m lam).coeffs i * zeroGhostExtension m n v (↑k + ↑i)
heq : ∀ t < n + 2 * m, u t = zeroGhostExtension m n v t
hroot : ∀ (i : Fin (2 * m)), E.charPoly.IsRoot (w i)
c : Fin E.order → ℂ
hc : ∀ (k : ℕ), u k = ∑ i, c i * w i ^ k
right✝ : ∀ (y : Fin E.order → ℂ), (fun c => ∀ (k : ℕ), u k = ∑ i, c i * w i ^ k) y → y = c
k : Fin m
⊢ ∑ i, c i * w i ^ (n + m + ↑k) = 0

Note: The target expression is not type-correct under the `implicit` transparency level, which may have triggered the failure. This is usually caused by unfolding of semireducible definitions in prior tactic steps. Use `set_option linter.tacticCheckInstances true` to investigate the source of the issue.
Full error:
  Application type mismatch: The argument
    i
  has type
    Fin (2 * m)
  but is expected to have type
    Fin E.order
  in the application
    c i
MF21Restart/BoundaryMultiplicity.lean:130:8: error: Tactic `rewrite` failed: Did not find an occurrence of the pattern
  (boundaryInterior ?m ?n ?w) ?c ?j
in the target expression
  (boundaryInterior m n w) c j = v j

case refine_2
m n : ℕ
hm : 1 ≤ m
lam : ℂ
w : Fin (2 * m) → ℂ
hinj : Function.Injective w
hnonzero : ∀ (i : Fin (2 * m)), w i ≠ 0
hvalue : ∀ (i : Fin (2 * m)), (2 - w i - (w i)⁻¹) ^ m = lam
v : Fin n → ℂ
hv : (toeplitz m n).map Complex.ofReal *ᵥ v = lam • v
E : LinearRecurrence ℂ := fourierRecurrence m lam
u : ℕ → ℂ := E.mkSol fun i => zeroGhostExtension m n v ↑i
hrec :
  ∀ (k : Fin n),
    zeroGhostExtension m n v (↑k + 2 * m) = ∑ i, (fourierRecurrence m lam).coeffs i * zeroGhostExtension m n v (↑k + ↑i)
heq : ∀ t < n + 2 * m, u t = zeroGhostExtension m n v t
hroot : ∀ (i : Fin (2 * m)), E.charPoly.IsRoot (w i)
c : Fin E.order → ℂ
hc : ∀ (k : ℕ), u k = ∑ i, c i * w i ^ k
right✝ : ∀ (y : Fin E.order → ℂ), (fun c => ∀ (k : ℕ), u k = ∑ i, c i * w i ^ k) y → y = c
j : Fin n
⊢ (boundaryInterior m n w) c j = v j

Note: The target expression is not type-correct under the `implicit` transparency level, which may have triggered the failure. This is usually caused by unfolding of semireducible definitions in prior tactic steps. Use `set_option linter.tacticCheckInstances true` to investigate the source of the issue.
Full error:
  Application type mismatch: The argument
    c
  has type
    Fin E.order → ℂ
  but is expected to have type
    Fin (2 * m) → ℂ
  in the application
    (boundaryInterior m n w) c
MF21Restart/BoundaryMultiplicity.lean:142:55: error(lean.synthInstanceFailed): failed to synthesize instance of type class
  FunLike ((Fin (2 * m) → ℂ) →ₗ[ℂ] Fin n → ℂ) ↥(boundaryMatrix m n w).mulVecLin.ker ?m.113

Hint: Type class instance resolution failures can be inspected with the `set_option trace.Meta.synthInstance true` command.
MF21Restart/BoundaryMultiplicity.lean:143:56: error(lean.synthInstanceFailed): failed to synthesize instance of type class
  FunLike ((Fin (2 * m) → ℂ) →ₗ[ℂ] Fin n → ℂ) ↥(boundaryMatrix m n w).mulVecLin.ker ?m.131

Hint: Type class instance resolution failures can be inspected with the `set_option trace.Meta.synthInstance true` command.
'MF21Restart.boundaryInterior_injective_on_kernel' depends on axioms: [propext, Classical.choice, Quot.sound]
'MF21Restart.boundaryInterior_maps_to_eigenspace' depends on axioms: [propext, sorryAx, Classical.choice, Quot.sound]
'MF21Restart.boundaryInterior_surjective_to_eigenspace' depends on axioms: [propext,
 sorryAx,
 Classical.choice,
 Quot.sound]
'MF21Restart.boundaryEigenspaceMap_bijective' depends on axioms: [propext, sorryAx, Classical.choice, Quot.sound]
'MF21Restart.boundary_kernel_finrank_eq_eigenspace' depends on axioms: [propext, sorryAx, Classical.choice, Quot.sound]
