MF21Restart/CirculantBounds.lean:25:6: error: Tactic `rewrite` failed: motive is not type correct:
  fun _a => hermitianAscendingValue (toeplitz m n) ⋯ i = _a.get ⟨↑i, ⋯⟩
Error: Application type mismatch: The argument
  orderedEigenvalue._proof_1 m n i
has type
  ↑i < (orderedEigenvalueList m n).length
but is expected to have type
  ↑i < _a.length
in the application
  ⟨↑i, ⋯⟩

Explanation: The rewrite tactic rewrites an expression 'e' using an equality 'a = b' by the following process. First, it looks for all 'a' in 'e'. Second, it tries to abstract these occurrences of 'a' to create a function 'm := fun _a => ...', called the *motive*, with the property that 'm a' is definitionally equal to 'e'. Third, we observe that 'congrArg' implies that 'm a = m b', which can be used with lemmas such as 'Eq.mpr' to change the goal. However, if 'e' depends on specific properties of 'a', then the motive 'm' might not typecheck.

Possible solutions: use rewrite's 'occs' configuration option to limit which occurrences are rewritten, or use 'simp' or 'conv' mode, which have strategies for certain kinds of dependencies (these tactics can handle proofs and 'Decidable' instances whose types depend on the rewritten term, and 'simp' can apply user-defined '@[congr]' theorems as well).

m n : ℕ
i : Fin n
hlist : orderedEigenvalueList m n = List.ofFn (hermitianAscendingValue (toeplitz m n) ⋯)
⊢ hermitianAscendingValue (toeplitz m n) ⋯ i = (orderedEigenvalueList m n).get ⟨↑i, ⋯⟩
MF21Restart/CirculantBounds.lean:52:68: error: omega could not prove the goal:
a possible counterexample may satisfy the constraints
  d ≥ 0
  c ≥ 0
  b ≥ 1
  b - c ≤ 0
  b - d ≥ 2
  a ≥ 1
  a ≥ 0
  a + c ≥ 1
  2*a + c - d ≥ 1
where
 a := ↑m
 b := ↑j
 c := ↑n
 d := ↑↑(Fin.castLE hnN ⟨j - 1, ⋯⟩)
MF21Restart/CirculantBounds.lean:82:6: warning: Used `tac1 <;> tac2` where `(tac1; tac2)` would suffice

Note: This linter can be disabled with `set_option linter.unnecessarySeqFocus false`
MF21Restart/CirculantBounds.lean:183:12: warning: this tactic is never executed

Note: This linter can be disabled with `set_option linter.unreachableTactic false`
MF21Restart/CirculantBounds.lean:183:12: warning: Unused tactic linter: `ring` does nothing

Note: This linter can be disabled with `set_option linter.unusedTactic false`
'MF21Restart.eigenvalue_circulant_interlacing' depends on axioms: [propext, sorryAx, Classical.choice, Quot.sound]
'MF21Restart.eigenvalue_circulant_power_bounds' depends on axioms: [propext, sorryAx, Classical.choice, Quot.sound]
'MF21Restart.eigenvalue_circulant_lower_bound' depends on axioms: [propext, sorryAx, Classical.choice, Quot.sound]
'MF21Restart.eigenvalue_fixed_prefix_bound' depends on axioms: [propext, sorryAx, Classical.choice, Quot.sound]
'MF21Restart.eigenvalue_reciprocal_tail_majorant' depends on axioms: [propext, sorryAx, Classical.choice, Quot.sound]
'MF21Restart.eigenvalue_eventual_reciprocal_tail_bound' depends on axioms: [propext,
 sorryAx,
 Classical.choice,
 Quot.sound]
