MF21Restart/DiagonalInterlacing.lean:23:18: error: unsolved goals
case pos
n N : ℕ
hnN : n ≤ N
x y : Fin n → ℝ
i : Fin N
h✝ : ↑i < n
⊢ x ⟨↑i, h✝⟩ + y ⟨↑i, h✝⟩ = (if hi : ↑i < n then x ⟨↑i, hi⟩ else 0) + if hi : ↑i < n then y ⟨↑i, hi⟩ else 0

case neg
n N : ℕ
hnN : n ≤ N
x y : Fin n → ℝ
i : Fin N
h✝ : ¬↑i < n
⊢ 0 = (if hi : ↑i < n then x ⟨↑i, hi⟩ else 0) + if hi : ↑i < n then y ⟨↑i, hi⟩ else 0
MF21Restart/DiagonalInterlacing.lean:26:19: error: unsolved goals
case pos
n N : ℕ
hnN : n ≤ N
c : ℝ
x : Fin n → ℝ
i : Fin N
h✝ : ↑i < n
⊢ n ≤ ↑i → c = 0 ∨ x ⟨↑i, h✝⟩ = 0

case neg
n N : ℕ
hnN : n ≤ N
c : ℝ
x : Fin n → ℝ
i : Fin N
h✝ : ¬↑i < n
⊢ ∀ (h : ↑i < n), c = 0 ∨ x ⟨↑i, ⋯⟩ = 0
MF21Restart/DiagonalInterlacing.lean:33:8: warning: declaration uses `sorry`
MF21Restart/DiagonalInterlacing.lean:38:8: warning: declaration uses `sorry`
'MF21Restart.diagonal_isometry_interlacing' depends on axioms: [propext, sorryAx, Classical.choice, Quot.sound]
