MF21Restart/InverseSpectralTrace.lean:29:8: error: Tactic `rewrite` failed: motive is not type correct:
  fun _a => _a * e (Matrix.diagonal fun i => (H.eigenvalues i)⁻¹) = 1
Error: Application type mismatch: The argument
  H
has type
  A.IsHermitian
but is expected to have type
  _a.IsHermitian
in the application
  H.eigenvalues

Explanation: The rewrite tactic rewrites an expression 'e' using an equality 'a = b' by the following process. First, it looks for all 'a' in 'e'. Second, it tries to abstract these occurrences of 'a' to create a function 'm := fun _a => ...', called the *motive*, with the property that 'm a' is definitionally equal to 'e'. Third, we observe that 'congrArg' implies that 'm a = m b', which can be used with lemmas such as 'Eq.mpr' to change the goal. However, if 'e' depends on specific properties of 'a', then the motive 'm' might not typecheck.

Possible solutions: use rewrite's 'occs' configuration option to limit which occurrences are rewritten, or use 'simp' or 'conv' mode, which have strategies for certain kinds of dependencies (these tactics can handle proofs and 'Decidable' instances whose types depend on the rewritten term, and 'simp' can apply user-defined '@[congr]' theorems as well).

n : ℕ
A : Matrix (Fin n) (Fin n) ℝ
hA : A.PosDef
H : A.IsHermitian := Matrix.PosDef.isHermitian hA
e : Matrix (Fin n) (Fin n) ℝ ≃⋆ₐ[ℝ] Matrix (Fin n) (Fin n) ℝ :=
  (conjStarAlgAut ℝ (Matrix (Fin n) (Fin n) ℝ)) H.eigenvectorUnitary
hspec : A = e (Matrix.diagonal H.eigenvalues)
hD : (Matrix.diagonal H.eigenvalues * Matrix.diagonal fun i => (H.eigenvalues i)⁻¹) = 1
⊢ A * e (Matrix.diagonal fun i => (H.eigenvalues i)⁻¹) = 1
'MF21Restart.posDef_inverse_trace' depends on axioms: [propext, sorryAx, Classical.choice, Quot.sound]
'MF21Restart.sum_orderedEigenvalue_map' depends on axioms: [propext, Classical.choice, Quot.sound]
'MF21Restart.toeplitz_inverse_trace_ordered' depends on axioms: [propext, sorryAx, Classical.choice, Quot.sound]
'MF21Restart.toeplitz_inverse_trace_one_based' depends on axioms: [propext, sorryAx, Classical.choice, Quot.sound]
