MF21Restart/KernelDiagonal.lean:37:4: error: Type mismatch: After simplification, term
  HasDerivAt.const_sub 1 hdiv
 has type
  @HasDerivAt ℝ DenselyNormedField.toNontriviallyNormedField ℝ Real.normedAddCommGroup.toAddCommGroup
    RCLike.toInnerProductSpaceReal.toModule PseudoMetricSpace.toUniformSpace.toTopologicalSpace ⋯
    (fun x_1 => 1 - x / id x_1) (x / id t ^ 2) t
but is expected to have type
  @HasDerivAt ℝ DenselyNormedField.toNontriviallyNormedField ℝ Real.instAddCommGroup Semiring.toModule
    PseudoMetricSpace.toUniformSpace.toTopologicalSpace ⋯ (fun t => 1 - x / t) (x / t ^ 2) t
MF21Restart/KernelDiagonal.lean:57:10: error: Tactic `rewrite` failed: Did not find an occurrence of the pattern
  1 - x / t
in the target expression
  (fun x_1 => (x_1 - x) ^ k / x_1 ^ (k + 2)) t = (fun x_1 => (1 - x / x_1) ^ k / x * (x / x_1 ^ 2)) t

k : ℕ
x : ℝ
hx : 0 < x
hx1 : x ≤ 1
hx0 : x ≠ 0
ht0 : ∀ t ∈ Set.uIcc x 1, t ≠ 0
hderiv : ∀ t ∈ Set.uIcc x 1, HasDerivAt (fun t => 1 - x / t) (x / t ^ 2) t
hcontinuous : ContinuousOn (fun t => x / t ^ 2) (Set.uIcc x 1)
hpolynomial : Continuous fun u => u ^ k / x
hsub :
  ∫ (x_1 : ℝ) in x..1, ((fun u => u ^ k / x) ∘ fun t => 1 - x / t) x_1 * (x / x_1 ^ 2) =
    ∫ (x_1 : ℝ) in 1 - x / x..1 - x / 1, x_1 ^ k / x
t : ℝ
ht : t ∈ Set.uIcc x 1
htne : t ≠ 0
hbase : 1 - x / t = (t - x) / t
⊢ (fun x_1 => (x_1 - x) ^ k / x_1 ^ (k + 2)) t = (fun x_1 => (1 - x / x_1) ^ k / x * (x / x_1 ^ 2)) t
MF21Restart/KernelDiagonal.lean:95:43: warning: Unused tactic linter: `ring` does nothing

Note: This linter can be disabled with `set_option linter.unusedTactic false`
MF21Restart/KernelDiagonal.lean:95:43: warning: this tactic is never executed

Note: This linter can be disabled with `set_option linter.unreachableTactic false`
'MF21Restart.kernel_diagonal_substitution' depends on axioms: [propext, sorryAx, Classical.choice, Quot.sound]
'MF21Restart.kernel_diagonal_integral_value' depends on axioms: [propext, sorryAx, Classical.choice, Quot.sound]
