MF21Restart/LeadingNormalization.lean:32:4: error: Type mismatch
  map_ne_zero ?m.66
has type
  ?m.66 ?m.67 ≠ 0 ↔ ?m.67 ≠ 0
but is expected to have type
  (starRingEnd ℂ) (manuscriptPhaseProduct m θ) ≠ 0
MF21Restart/LeadingNormalization.lean:32:16: error: Application type mismatch: The argument
  hf
has type
  manuscriptPhaseProduct m θ ≠ 0
of sort `Prop` but is expected to have type
  ?m.60
of sort `Type ?u.47` in the application
  @map_ne_zero ?m.58 ?m.59 ?m.60 ?m.61 ?m.62 ?m.63 ?m.64 ?m.65 hf
MF21Restart/LeadingNormalization.lean:69:64: error: Type mismatch
  map_ne_zero ?m.70
has type
  ?m.70 ?m.71 ≠ 0 ↔ ?m.71 ≠ 0
but is expected to have type
  (starRingEnd ℂ) (manuscriptPhaseProduct m θ) ≠ 0
MF21Restart/LeadingNormalization.lean:69:76: error: Application type mismatch: The argument
  hf
has type
  manuscriptPhaseProduct m θ ≠ 0
of sort `Prop` but is expected to have type
  ?m.64
of sort `Type ?u.34` in the application
  @map_ne_zero ?m.62 ?m.63 ?m.64 ?m.65 ?m.66 ?m.67 ?m.68 ?m.69 hf
Try this:
  [apply] ring_nf
  
  The `ring` tactic failed to close the goal. Use `ring_nf` to obtain a normal form.
    
  Note that `ring` works primarily in *commutative* rings. If you have a noncommutative ring, abelian group or module, consider using `noncomm_ring`, `abel` or `module` instead.
MF21Restart/LeadingNormalization.lean:80:65: error: unsolved goals
m n : ℕ
hm : 1 ≤ m
θ : ℝ
⊢ ↑n * ↑θ * Complex.I + ↑θ * Complex.I * ↑1 - Complex.I * ↑(manuscriptPsi m θ) * 2 =
    ↑n * ↑θ * Complex.I + ↑θ * Complex.I - Complex.I * ↑(manuscriptPsi m θ) * 2
MF21Restart/LeadingNormalization.lean:110:49: error(lean.unknownIdentifier): Unknown constant `Complex.cos_ofReal`
MF21Restart/LeadingNormalization.lean:110:69: error(lean.unknownIdentifier): Unknown constant `Complex.sin_ofReal`
Try this:
  [apply] ring_nf
  
  The `ring` tactic failed to close the goal. Use `ring_nf` to obtain a normal form.
    
  Note that `ring` works primarily in *commutative* rings. If you have a noncommutative ring, abelian group or module, consider using `noncomm_ring`, `abel` or `module` instead.
MF21Restart/LeadingNormalization.lean:102:66: error: unsolved goals
m n : ℕ
hm : 2 ≤ m
θ : ℝ
hθ : 0 < θ
hθπ : θ ≤ Real.pi
hz : oscillatoryRoot θ ^ (n + m) ≠ 0
hU : boundaryPhaseMultiplier m θ ≠ 0
hi : boundaryPhaseMultiplier m θ / oscillatoryRoot θ ^ (n + m) = Complex.exp (-↑(manuscriptPhaseFn m n θ) * Complex.I)
⊢ Complex.sin ↑(manuscriptPhaseFn m n θ) * Complex.I * 2 = Complex.I * ↑(Real.sin (manuscriptPhaseFn m n θ)) * 2
MF21Restart/LeadingNormalization.lean:157:6: warning: Unused tactic linter: `ring` does nothing

Note: This linter can be disabled with `set_option linter.unusedTactic false`
MF21Restart/LeadingNormalization.lean:157:6: warning: this tactic is never executed

Note: This linter can be disabled with `set_option linter.unreachableTactic false`
'MF21Restart.boundaryPhaseMultiplier_factor' depends on axioms: [propext, Classical.choice, Quot.sound]
'MF21Restart.manuscriptNormalizer_eq_leading' depends on axioms: [propext, sorryAx, Classical.choice, Quot.sound]
'MF21Restart.boundaryCoefficient_leading_phase_relation' depends on axioms: [propext,
 sorryAx,
 Classical.choice,
 Quot.sound]
'MF21Restart.leading_phase_quotient' depends on axioms: [propext, sorryAx, Classical.choice, Quot.sound]
'MF21Restart.boundaryLeadingTerms_eq_normalizer_mul_sin' depends on axioms: [propext,
 sorryAx,
 Classical.choice,
 Quot.sound]
'MF21Restart.normalizedErrorTerm_eq_raw_quotient' depends on axioms: [propext, sorryAx, Classical.choice, Quot.sound]
