MF21Restart/NormalizedQuotient.lean:29:2: error: Type mismatch: After simplification, term
  ContDiffAt.mul (ContDiff.contDiffAt (normalizedBoundaryCoefficient_contDiff m hm s hs))
    (ContDiffAt.inv (ContDiff.contDiffAt (normalizedBoundaryCoefficient_contDiff m hm t ht))
      (normalizedBoundaryCoefficient_ne_zero_on_Icc m hm t ht hsep θ hθ))
 has type
  @ContDiffAt ℝ DenselyNormedField.toNontriviallyNormedField ℝ Real.normedAddCommGroup
    RCLike.toInnerProductSpaceReal.toNormedSpace ℂ NonUnitalNormedRing.toNormedAddCommGroup
    (NormedAlgebra.toNormedSpace ℂ) ⊤
    (fun x => normalizedBoundaryCoefficient m s hs x * (normalizedBoundaryCoefficient m t ht)⁻¹ x) θ
but is expected to have type
  @ContDiffAt ℝ DenselyNormedField.toNontriviallyNormedField ℝ Real.normedAddCommGroup
    RCLike.toInnerProductSpaceReal.toNormedSpace ℂ Complex.instNormedAddCommGroup
    instInnerProductSpaceRealComplex.toNormedSpace ⊤ (normalizedBoundaryRatio m s t hs ht) θ
'MF21Restart.boundaryCoefficient_ratio_eq_normalized' depends on axioms: [propext, Classical.choice, Quot.sound]
'MF21Restart.normalizedBoundaryRatio_contDiffAt' depends on axioms: [propext, sorryAx, Classical.choice, Quot.sound]
'MF21Restart.exists_pos_bound_with_deriv_of_contDiffAt_on_Icc' depends on axioms: [propext,
 Classical.choice,
 Quot.sound]
'MF21Restart.normalizedBoundaryRatio_bounded_with_derivative' depends on axioms: [propext,
 sorryAx,
 Classical.choice,
 Quot.sound]
