MF21Restart/PhaseMonotonicity.lean:28:11: error: invalid 'by' tactic, expected type has not been provided
MF21Restart/PhaseMonotonicity.lean:30:11: error: invalid 'by' tactic, expected type has not been provided
MF21Restart/PhaseMonotonicity.lean:51:24: warning: This simp argument is unused:
  manuscriptPhaseFn

Hint: Omit it from the simp argument list.
  [apply] simp only [mul_one]

Note: This linter can be disabled with `set_option linter.unusedSimpArgs false`
MF21Restart/PhaseMonotonicity.lean:50:81: warning: Used `tac1 <;> tac2` where `(tac1; tac2)` would suffice

Note: This linter can be disabled with `set_option linter.unnecessarySeqFocus false`
MF21Restart/PhaseMonotonicity.lean:76:59: error(lean.unknownIdentifier): Unknown constant `Set.interior_subset`
'MF21Restart.manuscriptEta_bounded_with_derivative' depends on axioms: [propext, sorryAx, Classical.choice, Quot.sound]
'MF21Restart.manuscriptPhaseFn_zero' depends on axioms: [propext, Classical.choice, Quot.sound]
'MF21Restart.manuscriptPhaseFn_pi' depends on axioms: [propext, Classical.choice, Quot.sound]
'MF21Restart.manuscriptPhaseFn_hasDerivAt' depends on axioms: [propext, Classical.choice, Quot.sound]
'MF21Restart.manuscriptPhaseFn_eventual_derivative_bounds' depends on axioms: [propext,
 sorryAx,
 Classical.choice,
 Quot.sound]
'MF21Restart.manuscriptPhaseFn_eventual_strictMonoOn' depends on axioms: [propext,
 sorryAx,
 Classical.choice,
 Quot.sound]
