$ python3 /home/admin/nla-lean-tools/reproduction/checks/sandbox_probe_ci.py
START sandbox mode: build
START sandbox mode: export
START sandbox negative case: unknown option
START sandbox negative case: unexpected --rw
START sandbox negative case: unexpected --rwx
START sandbox negative case: relative --rwx
MODE build: exit=0
Running as unit: run-u17.service; invocation ID: 1b77358e612949cda68f8dccbd32c067
PASS outside .lake write-open: denied errno=30
PASS outside .lake truncate: denied errno=30
PASS outside .lake read-only truncate-open: denied errno=30
PASS symlink from .lake to outside write: denied errno=30
PASS outside .lake creation: denied errno=30
PASS build .lake write: allowed
PASS user namespace: private
PASS pid namespace: private
PASS mnt namespace: private
PASS net namespace: private
PASS ipc namespace: private
PASS uts namespace: private
PASS host parent: absent from private /proc
PASS host parent signal lookup: denied errno=3
PASS host loopback listener: unreachable errno=13
PASS AF_UNIX socket creation: denied errno=97
PASS effective capabilities: none
PASS no_new_privs: set
Sandbox UID: 1000
PASS nested namespace write attempt: rejected exit=1
bwrap: setting up uid map: Permission denied
Finished with result: success
Main processes terminated with: code=exited/status=0
Service runtime: 27ms
CPU time consumed: 27ms
Memory peak: 256.0K
Memory swap peak: 0B

MODE export: exit=0
Running as unit: run-u18.service; invocation ID: 2c7aaf56c0044b01900bc6930bca04ea
PASS outside .lake write-open: denied errno=30
PASS outside .lake truncate: denied errno=30
PASS outside .lake read-only truncate-open: denied errno=30
PASS symlink from .lake to outside write: denied errno=30
PASS outside .lake creation: denied errno=30
PASS export .lake write-open: denied errno=30
PASS export .lake truncate: denied errno=30
PASS user namespace: private
PASS pid namespace: private
PASS mnt namespace: private
PASS net namespace: private
PASS ipc namespace: private
PASS uts namespace: private
PASS host parent: absent from private /proc
PASS host parent signal lookup: denied errno=3
PASS host loopback listener: unreachable errno=13
PASS AF_UNIX socket creation: denied errno=97
PASS effective capabilities: none
PASS no_new_privs: set
Sandbox UID: 1000
PASS nested namespace write attempt: rejected exit=1
bwrap: setting up uid map: Permission denied
Finished with result: success
Main processes terminated with: code=exited/status=0
Service runtime: 26ms
CPU time consumed: 26ms
Memory peak: 512.0K
Memory swap peak: 0B

NEGATIVE unknown option: exit=2
Running as unit: run-u19.service; invocation ID: 3fe503cd45cf4e8b90002e72c3cf6809
strict Comparator sandbox: unsupported Comparator Landrun option: --unrestricted-filesystem
Finished with result: exit-code
Main processes terminated with: code=exited/status=2
Service runtime: 9ms
CPU time consumed: 9ms
Memory peak: 336.0K
Memory swap peak: 0B

NEGATIVE unexpected --rw: exit=2
Running as unit: run-u20.service; invocation ID: 65f519cc30ae4fc4b0b104bcda752a14
strict Comparator sandbox: only private /dev may be passed with --rw
Finished with result: exit-code
Main processes terminated with: code=exited/status=2
Service runtime: 9ms
CPU time consumed: 9ms
Memory peak: 256.0K
Memory swap peak: 0B

NEGATIVE unexpected --rwx: exit=2
Running as unit: run-u21.service; invocation ID: aea7bf25757847c8a7bb66d325441f4b
strict Comparator sandbox: only this project's existing .lake may be writable
Finished with result: exit-code
Main processes terminated with: code=exited/status=2
Service runtime: 10ms
CPU time consumed: 10ms
Memory peak: 512.0K
Memory swap peak: 0B

NEGATIVE relative --rwx: exit=2
Running as unit: run-u22.service; invocation ID: 3a7b4ce4506f4f58a58ce1d3d5461723
strict Comparator sandbox: only this project's existing .lake may be writable
Finished with result: exit-code
Main processes terminated with: code=exited/status=2
Service runtime: 9ms
CPU time consumed: 9ms
Memory peak: 256.0K
Memory swap peak: 0B

Outer and export fixture contents unchanged; only designated build fixture written.

EXIT_STATUS=0
