$ systemd-run --user --quiet --wait --pipe --collect -p 'RestrictAddressFamilies=~AF_UNIX' --working-directory /home/runner/work/_temp/nla-lean-tools/.verification-tmp/nla-fresh-proof-atz_yvi9/project /usr/bin/env -i PATH=/home/runner/.elan/toolchains/leanprover--lean4---v4.33.1/bin:/home/runner/.elan/bin:/home/runner/go/bin:/opt/hostedtoolcache/go/1.27.1/x64/bin:/snap/bin:/home/runner/.local/bin:/opt/pipx_bin:/home/runner/.cargo/bin:/home/runner/.config/composer/vendor/bin:/usr/local/.ghcup/bin:/home/runner/.dotnet/tools:/usr/local/sbin:/usr/local/bin:/usr/sbin:/usr/bin:/sbin:/bin:/usr/games:/usr/local/games:/snap/bin HOME=/home/runner LANG=C.UTF-8 XDG_RUNTIME_DIR=/run/user/1001 DBUS_SESSION_BUS_ADDRESS=unix:path=/run/user/1001/bus GIT_TERMINAL_PROMPT=0 GIT_CONFIG_NOSYSTEM=1 GIT_CONFIG_GLOBAL=/dev/null COMPARATOR_BIN=/home/runner/work/_temp/nla-lean-tools/.tools/comparator/.lake/build/bin/comparator COMPARATOR_LEAN4EXPORT=/home/runner/work/_temp/nla-lean-tools/.tools/lean4export/.lake/build/bin/lean4export COMPARATOR_LANDRUN=/home/runner/work/_temp/nla-lean-tools/scripts/strict_landrun.py XDG_CACHE_HOME=/home/runner/work/_temp/nla-lean-tools/.tools/cache TMPDIR=/home/runner/work/_temp/nla-lean-tools/.verification-tmp lake env /home/runner/work/_temp/nla-lean-tools/.tools/comparator/.lake/build/bin/comparator comparator.json
Building Challenge
✔ [2721/2723] Built NLA.MI24.Definitions (2.2s)
⚠ [2722/2723] Built Challenge (2.2s)
warning: Challenge.lean:27:8: declaration uses `sorry`
warning: Challenge.lean:32:8: declaration uses `sorry`
warning: Challenge.lean:38:8: declaration uses `sorry`
warning: Challenge.lean:46:8: declaration uses `sorry`
warning: Challenge.lean:56:8: declaration uses `sorry`
warning: Challenge.lean:63:8: declaration uses `sorry`
warning: Challenge.lean:72:8: declaration uses `sorry`
warning: Challenge.lean:81:8: declaration uses `sorry`
warning: Challenge.lean:89:8: declaration uses `sorry`
warning: Challenge.lean:97:8: declaration uses `sorry`
warning: Challenge.lean:104:8: declaration uses `sorry`
warning: Challenge.lean:111:8: declaration uses `sorry`
warning: Challenge.lean:117:8: declaration uses `sorry`
warning: Challenge.lean:123:8: declaration uses `sorry`
warning: Challenge.lean:129:8: declaration uses `sorry`
warning: Challenge.lean:136:8: declaration uses `sorry`
warning: Challenge.lean:141:8: declaration uses `sorry`
warning: Challenge.lean:148:8: declaration uses `sorry`
warning: Challenge.lean:155:8: declaration uses `sorry`
warning: Challenge.lean:161:8: declaration uses `sorry`
warning: Challenge.lean:168:8: declaration uses `sorry`
warning: Challenge.lean:175:8: declaration uses `sorry`
Build completed successfully (2723 jobs).
Exporting #[Quot, Quot.mk, Quot.lift, Quot.ind, NLA.MI24.young_weight_interval, NLA.MI24.spectral_power_inverse, NLA.MI24.geometric_congruence, NLA.MI24.matrix_means_posdef, NLA.MI24.power_half_fixed_point, NLA.MI24.power_half_sqrt_q, NLA.MI24.furuta_half_power, NLA.MI24.weighted_geometric_trace, NLA.MI24.trace_young_half, NLA.MI24.heron_trace_comparison, NLA.MI24.positive_schatten_monotone, NLA.MI24.positive_schatten_triangle, NLA.MI24.positive_schatten_smul, NLA.MI24.positive_infinity_monotone, NLA.MI24.finite_schatten_semantics, NLA.MI24.infinity_schatten_semantics, NLA.MI24.heron_comparison_finite, NLA.MI24.heron_comparison_infinity, NLA.MI24.lin_comparison, NLA.MI24.schatten_complement_finite, NLA.MI24.schatten_complement_infinity, NLA.MI24.schattenComplementConjecture, propext, Classical.choice, Quot.sound, Nat.add, Nat.sub, Nat.mul, Nat.pow, Nat.gcd, Nat.div, Nat.mod, Nat.beq, Nat.ble, Nat.land, Nat.lor, Nat.xor, Nat.shiftLeft, Nat.shiftRight, String.ofList, Char.ofNat, List, eagerReduce, Nat, String, String.mk, Char, optParam, autoParam, semiOutParam, outParam] from Challenge
Building Solution
ℹ [3122/3145] Built NLA.MI24.ScalarLogMajorization (3.3s)
info: NLA/MI24/ScalarLogMajorization.lean:89:0: 'NLA.MI24.sum_le_sum_of_prefix_prod_le' depends on axioms: [propext, Classical.choice, Quot.sound]
⚠ [3124/3145] Built NLA.MI24.SpectralPowers (4.5s)
warning: NLA/MI24/SpectralPowers.lean:58:40: Variable name `hn` is not explicitly referenced.

Hint: The binding can be removed (if unused) or named `_` (if used implicitly). Alternatively, prefix the name with `_` to silence this warning:
  [apply] _hn

Note: This linter can be disabled with `set_option linter.unusedVariables false`
✔ [3125/3145] Built NLA.MI24.CompoundAlgebra (5.5s)
⚠ [3126/3145] Built NLA.MI24.OperatorNorm (6.0s)
warning: NLA/MI24/OperatorNorm.lean:42:44: Variable name `hn` is not explicitly referenced.

Hint: The binding can be removed (if unused) or named `_` (if used implicitly). Alternatively, prefix the name with `_` to silence this warning:
  [apply] _hn

Note: This linter can be disabled with `set_option linter.unusedVariables false`
warning: NLA/MI24/OperatorNorm.lean:43:25: Variable name `hV` is not explicitly referenced.

Hint: The binding can be removed (if unused) or named `_` (if used implicitly). Alternatively, prefix the name with `_` to silence this warning:
  [apply] _hV

Note: This linter can be disabled with `set_option linter.unusedVariables false`
✔ [3127/3145] Built LeanCert.Core.Interval (3.0s)
✔ [3128/3145] Built NLA.MI24.OrderPowers (3.8s)
⚠ [3129/3145] Built NLA.MI24.MeanPositivity (3.9s)
warning: NLA/MI24/MeanPositivity.lean:64:37: Variable name `hn` is not explicitly referenced.

Hint: The binding can be removed (if unused) or named `_` (if used implicitly). Alternatively, prefix the name with `_` to silence this warning:
  [apply] _hn

Note: This linter can be disabled with `set_option linter.unusedVariables false`
warning: NLA/MI24/MeanPositivity.lean:79:35: Variable name `hn` is not explicitly referenced.

Hint: The binding can be removed (if unused) or named `_` (if used implicitly). Alternatively, prefix the name with `_` to silence this warning:
  [apply] _hn

Note: This linter can be disabled with `set_option linter.unusedVariables false`
✔ [3130/3149] Built NLA.MI24.TraceSpectral (3.5s)
⚠ [3131/3165] Built NLA.MI24.DiagonalPowers (4.9s)
warning: NLA/MI24/DiagonalPowers.lean:39:2: Try this: 
  letI̵

The goal is a proposition, so `let` is preferred over `letI`.
The difference between `let` and `letI` is that `letI` inlines the value.
But this is not relevant for proofs because of proof irrelevance.

Note: This linter can be disabled with `set_option linter.style.haveILetI false`
warning: NLA/MI24/DiagonalPowers.lean:41:2: Try this: 
  letI̵

The goal is a proposition, so `let` is preferred over `letI`.
The difference between `let` and `letI` is that `letI` inlines the value.
But this is not relevant for proofs because of proof irrelevance.

Note: This linter can be disabled with `set_option linter.style.haveILetI false`
✔ [3145/3165] Built NLA.MI24.GeometricCongruence (4.3s)
✔ [3146/3165] Built LeanCert.Core.IntervalRat.Basic (9.8s)
✔ [3147/3191] Built NLA.MI24.TraceOverlap (8.6s)
✔ [3165/3192] Built NLA.MI24.PolarPowers (5.7s)
✔ [3168/3195] Built LeanCert.Core.Expr (7.8s)
✔ [3170/3195] Built LeanCert.Tactic.IntervalAuto.Types (4.6s)
✔ [3171/3195] Built LeanCert.Core.DerivativeIntervals (3.8s)
✔ [3172/3195] Built NLA.MI24.FurutaBase (4.4s)
✔ [3173/3195] Built LeanCert.Core.IntervalRat.LogReduction (5.9s)
✔ [3174/3197] Built LeanCert.Core.Support (4.6s)
✔ [3175/3197] Built LeanCert.Core.IntervalRat.Transcendental (6.5s)
✔ [3176/3197] Built LeanCert.Meta.Numeral (5.6s)
✔ [3177/3199] Built LeanCert.Core.TrigReduction (4.6s)
✔ [3178/3199] Built LeanCert.Tactic.IntervalAuto.Norm (4.7s)
⚠ [3179/3199] Built NLA.MI24.FurutaHalfPower (5.6s)
warning: NLA/MI24/FurutaHalfPower.lean:91:35: Variable name `hn` is not explicitly referenced.

Hint: The binding can be removed (if unused) or named `_` (if used implicitly). Alternatively, prefix the name with `_` to silence this warning:
  [apply] _hn

Note: This linter can be disabled with `set_option linter.unusedVariables false`
✔ [3180/3200] Built LeanCert.Engine.Eval.Result (4.9s)
✔ [3181/3202] Built LeanCert.Core.Taylor (9.7s)
✔ [3182/3208] Built LeanCert.Tactic.IntervalAuto.Extract (4.8s)
✔ [3184/3208] Built LeanCert.Meta.ToExpr (7.5s)
✔ [3185/3214] Built NLA.MI24.HeronOrder (4.8s)
✔ [3186/3214] Built NLA.MI24.HeronNorm (5.5s)
✔ [3187/3215] Built LeanCert.Contrib.Sinc (7.4s)
✔ [3188/3215] Built LeanCert.Tactic.IntervalAuto.Parse (10s)
✔ [3189/3219] Built NLA.MI24.CompoundSpectral (6.9s)
✔ [3190/3219] Built LeanCert.Core.Dyadic (8.2s)
✔ [3191/3219] Built LeanCert.Tactic.Verification (7.1s)
✔ [3192/3220] Built LeanCert.Tactic.IntervalAuto.Diagnostic (4.8s)
✔ [3193/3220] Built NLA.MI24.CompoundNorm (5.5s)
✔ [3194/3294] Built LeanCert.Tactic.NumericalRefinement (898ms)
✔ [3219/3297] Built LeanCert.Tactic.LeanCert.Bridge.Environment (3.6s)
✔ [3221/3298] Built LeanCert.Tactic.VecUtil (3.4s)
⚠ [3222/3298] Built NLA.MI24.WeightedTrace (3.7s)
warning: NLA/MI24/WeightedTrace.lean:79:42: Variable name `hn` is not explicitly referenced.

Hint: The binding can be removed (if unused) or named `_` (if used implicitly). Alternatively, prefix the name with `_` to silence this warning:
  [apply] _hn

Note: This linter can be disabled with `set_option linter.unusedVariables false`
✔ [3223/3302] Built LeanCert.Tactic.LeanCert.Normalize (4.5s)
✔ [3224/3302] Built LeanCert.Core.IntervalRat.Taylor (26s)
✔ [3225/3302] Built LeanCert.Tactic.FinSumExpand (2.9s)
✔ [3226/3410] Built LeanCert.Tactic.BridgeNative (2.0s)
✔ [3443/3666] Built LeanCert.Tactic.FinsetParse (4.0s)
✔ [3706/3784] Built LeanCert.Core.IntervalReal (2.0s)
✔ [3707/3786] Built LeanCert.Core.IntervalRat.TrigReduced (3.6s)
✔ [3708/3786] Built LeanCert.Tactic.LeanCert.Semantic.Domain (2.0s)
✔ [3709/3790] Built LeanCert.Validity.Eventual (3.6s)
✔ [3710/3790] Built LeanCert.Tactic.LeanCert.Semantic.Goal (3.2s)
✔ [3711/3791] Built LeanCert.Core.IntervalRealEndpoints (7.2s)
✔ [3712/3791] Built LeanCert.Engine.Affine.Basic (10s)
✔ [3713/3791] Built LeanCert.Tactic.LeanCert.Semantic.Parse.Comparison (2.7s)
✔ [3714/3791] Built LeanCert.Core.IntervalDyadic (11s)
✔ [3715/3791] Built LeanCert.Tactic.VecSimp (2.3s)
✔ [3716/3791] Built LeanCert.Tactic.EventualBound (9.3s)
✔ [3717/3793] Built LeanCert.Tactic.LeanCert.Semantic.Parse.Bound (6.7s)
✔ [3718/3796] Built LeanCert.Engine.Affine.Nonlinear (8.5s)
✔ [3719/3798] Built LeanCert.Engine.Eval.Core (11s)
✔ [3720/3799] Built LeanCert.Core.DyadicCell (6.9s)
✔ [3721/3799] Built LeanCert.Tactic.Extension.Protocol (3.0s)
✔ [3722/3799] Built LeanCert.Tactic.LeanCert.Config (2.3s)
✔ [3723/3802] Built LeanCert.Tactic.LeanCert.Diagnostic.Evidence (4.1s)
✔ [3724/3803] Built LeanCert.Engine.Eval.Extended (5.4s)
✔ [3725/3811] Built LeanCert.Core.DyadicFrontier (3.8s)
✔ [3726/3817] Built LeanCert.Tactic.Extension.Registry (4.5s)
✔ [3727/3819] Built LeanCert.Engine.Algebra.QPoly (5.5s)
✔ [3728/3821] Built LeanCert.Engine.Bounds.Lemmas (3.8s)
✔ [3729/3822] Built LeanCert.Engine.FloatEval (3.5s)
✔ [3730/3822] Built LeanCert.Tactic.Extension.Command (3.4s)
✔ [3731/3822] Built LeanCert.Engine.IntervalEval (3.0s)
⚠ [3732/3823] Built NLA.MI24.HalfFixedPoint (3.9s)
warning: NLA/MI24/HalfFixedPoint.lean:22:2: Try this: 
  letI̵

The goal is a proposition, so `let` is preferred over `letI`.
The difference between `let` and `letI` is that `letI` inlines the value.
But this is not relevant for proofs because of proof irrelevance.

Note: This linter can be disabled with `set_option linter.style.haveILetI false`
warning: NLA/MI24/HalfFixedPoint.lean:23:2: Try this: 
  letI̵

The goal is a proposition, so `let` is preferred over `letI`.
The difference between `let` and `letI` is that `letI` inlines the value.
But this is not relevant for proofs because of proof irrelevance.

Note: This linter can be disabled with `set_option linter.style.haveILetI false`
warning: NLA/MI24/HalfFixedPoint.lean:43:2: Try this: 
  letI̵

The goal is a proposition, so `let` is preferred over `letI`.
The difference between `let` and `letI` is that `letI` inlines the value.
But this is not relevant for proofs because of proof irrelevance.

Note: This linter can be disabled with `set_option linter.style.haveILetI false`
✔ [3733/3823] Built LeanCert.Engine.Algebra.QPolyIntegral (4.2s)
⚠ [3734/3823] Built NLA.MI24.PowerScaling (3.0s)
warning: NLA/MI24/PowerScaling.lean:68:40: Variable name `hn` is not explicitly referenced.

Hint: The binding can be removed (if unused) or named `_` (if used implicitly). Alternatively, prefix the name with `_` to silence this warning:
  [apply] _hn

Note: This linter can be disabled with `set_option linter.unusedVariables false`
✔ [3735/3823] Built LeanCert.Tactic.Extension (3.2s)
✔ [3736/3823] Built LeanCert.Validity.Bounds.Checked (4.1s)
✔ [3737/3823] Built LeanCert.Engine.Affine.Transcendental (5.5s)
✔ [3738/3823] Built LeanCert.Validity.Bounds.Core (4.6s)
✔ [3739/3823] Built LeanCert.Engine.IntervalEvalDyadic (8.4s)
✔ [3740/3823] Built LeanCert.Engine.Optimization.Box (4.5s)
✔ [3741/3825] Built LeanCert.Engine.RootFinding.Basic (7.6s)
✔ [3742/3825] Built LeanCert.Engine.AD.Basic (4.4s)
✔ [3743/3825] Built LeanCert.Engine.Integrate (8.9s)
✔ [3744/3825] Built NLA.MI24.TraceHolder (5.4s)
✔ [3745/3825] Built LeanCert.Engine.TaylorModel.Core (12s)
✔ [3746/3825] Built LeanCert.Engine.IntervalEvalAffine (8.5s)
✔ [3747/3825] Built LeanCert.Validity.DyadicBounds (4.9s)
✔ [3749/3831] Built LeanCert.Engine.FinSumDyadic (7.2s)
✔ [3750/3831] Built LeanCert.Engine.Search.Heuristic (4.1s)
✔ [3751/3831] Built NLA.MI24.PositivePowers (4.0s)
✔ [3752/3831] Built LeanCert.Engine.AD.Transcendental (5.7s)
✔ [3753/3831] Built LeanCert.Engine.RootFinding.Bisection (6.5s)
✔ [3754/3831] Built LeanCert.Engine.TaylorModel.Integral (4.7s)
✔ [3755/3831] Built LeanCert.Engine.TaylorModel.Special (3.6s)
✔ [3756/3831] Built LeanCert.Engine.Affine.Environment (9.7s)
✔ [3757/3831] Built LeanCert.Engine.TaylorModel.ExpLog (13s)
✔ [3758/3831] Built LeanCert.Engine.WitnessSum (5.2s)
✔ [3759/3831] Built LeanCert.Engine.TaylorModel.Trig (15s)
✔ [3760/3831] Built NLA.MI24.PolarModulus (4.2s)
✔ [3761/3831] Built LeanCert.Engine.TaylorModel.Hyperbolic (18s)
⚠ [3762/3831] Built NLA.MI24.PositiveSchatten (3.3s)
warning: NLA/MI24/PositiveSchatten.lean:21:44: Variable name `hn` is not explicitly referenced.

Hint: The binding can be removed (if unused) or named `_` (if used implicitly). Alternatively, prefix the name with `_` to silence this warning:
  [apply] _hn

Note: This linter can be disabled with `set_option linter.unusedVariables false`
warning: NLA/MI24/PositiveSchatten.lean:41:44: Variable name `hn` is not explicitly referenced.

Hint: The binding can be removed (if unused) or named `_` (if used implicitly). Alternatively, prefix the name with `_` to silence this warning:
  [apply] _hn

Note: This linter can be disabled with `set_option linter.unusedVariables false`
✔ [3763/3831] Built LeanCert.Engine.AD.Eval (3.4s)
⚠ [3764/3831] Built NLA.MI24.FiniteSemantics (3.8s)
warning: NLA/MI24/FiniteSemantics.lean:62:43: Variable name `hn` is not explicitly referenced.

Hint: The binding can be removed (if unused) or named `_` (if used implicitly). Alternatively, prefix the name with `_` to silence this warning:
  [apply] _hn

Note: This linter can be disabled with `set_option linter.unusedVariables false`
✔ [3765/3831] Built NLA.MI24.LinComparison (3.7s)
✔ [3766/3831] Built LeanCert.Engine.TaylorModel.Functions (2.6s)
✔ [3767/3831] Built LeanCert.Engine.AD.Correctness (3.7s)
✔ [3768/3831] Built LeanCert.Engine.AD.Computable (4.5s)
✔ [3769/3831] Built LeanCert.Engine.TaylorModel.Expr (6.3s)
✔ [3770/3831] Built LeanCert.Engine.AD.PartialCorrectness (7.3s)
✔ [3771/3831] Built LeanCert.Engine.TaylorModel (2.8s)
✔ [3772/3831] Built LeanCert.Engine.AD.DomainChecked (3.6s)
✔ [3773/3831] Built LeanCert.Engine.AD.Dyadic (3.2s)
✔ [3774/3831] Built LeanCert.Engine.AD (1.8s)
✔ [3775/3831] Built LeanCert.Validity.Bounds.Smart (4.2s)
✔ [3776/3831] Built LeanCert.Engine.IntervalEvalRefined (5.0s)
✔ [3777/3831] Built LeanCert.Meta.ProveSupported (5.1s)
✔ [3778/3831] Built LeanCert.Engine.Optimize (8.2s)
✔ [3779/3831] Built LeanCert.Validity.Bounds.Bridge (4.3s)
✔ [3780/3831] Built LeanCert.Meta.ProveContinuous (6.4s)
✔ [3781/3831] Built LeanCert.Tactic.IntervalAuto.ProveCommon (7.5s)
✔ [3782/3831] Built LeanCert.Engine.RootFinding.Newton (6.8s)
✔ [3783/3831] Built LeanCert.Validity.Bounds.Basic (4.1s)
✔ [3784/3831] Built LeanCert.Engine.Optimization.Gradient (8.4s)
✔ [3785/3831] Built LeanCert.Tactic.IntervalAuto.Basic (3.8s)
✔ [3786/3831] Built LeanCert.Tactic.LeanCert.Bridge.ReifiedFunction (4.4s)
✔ [3787/3831] Built LeanCert.Validity.Integration (7.8s)
✔ [3788/3831] Built LeanCert.Engine.RootFinding.MVTBounds (12s)
✔ [3789/3831] Built LeanCert.Tactic.LeanCert.Semantic.Prepare (9.3s)
✔ [3790/3831] Built LeanCert.Engine.RootFinding.Krawczyk (10s)
✔ [3791/3831] Built LeanCert.Engine.RootFinding.Contraction (10s)
✔ [3792/3831] Built LeanCert.Tactic.LeanCert.Integral (14s)
✔ [3793/3831] Built LeanCert.Tactic.Extension.Execute (13s)
✔ [3794/3831] Built LeanCert.Validity.Krawczyk (4.2s)
✔ [3795/3831] Built LeanCert.Engine.RootFinding.KrawczykCandidate (4.9s)
✔ [3796/3831] Built LeanCert.Tactic.LeanCert.Solver.Protocol (7.9s)
✔ [3797/3831] Built LeanCert.Engine.RootFinding.Main (3.2s)
✔ [3798/3831] Built LeanCert.Tactic.Enclosure (3.0s)
✔ [3799/3831] Built LeanCert.Engine.Optimization.Global (32s)
✔ [3800/3831] Built LeanCert.Tactic.LeanCert.Diagnostic.Render (4.3s)
✔ [3801/3831] Built LeanCert.Engine.Search.CounterExample (3.5s)
✔ [3802/3831] Built LeanCert.Validity.Types (3.7s)
✔ [3803/3831] Built LeanCert.Engine.Optimization.Guided (3.8s)
✔ [3804/3831] Built LeanCert.Validity.Bounds (7.2s)
✔ [3805/3831] Built LeanCert.Engine.Optimization.BoundVerify (3.6s)
✔ [3806/3831] Built LeanCert.Discovery.Find (4.0s)
✔ [3807/3831] Built LeanCert.Tactic.IntervalAuto.OptBound (4.8s)
✔ [3808/3831] Built LeanCert.Tactic.IntervalAuto.Multivariate (7.6s)
✔ [3809/3831] Built LeanCert.Tactic.IntervalAuto.RootBound (3.8s)
✔ [3810/3831] Built LeanCert.Tactic.IntervalAuto.Bound (17s)
✔ [3811/3831] Built LeanCert.Tactic.IntervalAuto.Subdiv (4.0s)
✔ [3812/3831] Built LeanCert.Tactic.IntervalAuto.Adaptive (8.2s)
✔ [3813/3831] Built LeanCert.Tactic.IntervalAuto.PointIneq (9.9s)
✔ [3814/3831] Built LeanCert.Tactic.IntervalAuto (2.4s)
✔ [3815/3831] Built LeanCert.Tactic.Refute (4.5s)
✔ [3816/3831] Built LeanCert.Tactic.FinSumWitness (5.3s)
✔ [3817/3831] Built LeanCert.Tactic.FinSumBound (4.6s)
✔ [3818/3831] Built LeanCert.Tactic.LeanCert.Semantic.Parse (3.3s)
✔ [3819/3831] Built LeanCert.Tactic.Discovery (14s)
✔ [3820/3831] Built LeanCert.Tactic.Krawczyk (3.4s)
✔ [3821/3831] Built LeanCert.Tactic.LeanCert.Router (7.9s)
✔ [3822/3831] Built LeanCert.Tactic.LeanCert (2.7s)
✔ [3823/3831] Built LeanCert.Tactic (2.7s)
⚠ [3824/3831] Built NLA.MI24.Numerical (3.2s)
warning: NLA/MI24/Numerical.lean:24:2: `Set.mem_setOf` has been deprecated: Use `Set.mem_ofPred` instead
info: NLA/MI24/Numerical.lean:24:2: Try this:
  [apply] ring_nf
  
  The `ring` tactic failed to close the goal. Use `ring_nf` to obtain a normal form.
    
  Note that `ring` works primarily in *commutative* rings. If you have a noncommutative ring, abelian group or module, consider using `noncomm_ring`, `abel` or `module` instead.
warning: NLA/MI24/Numerical.lean:28:2: `Set.mem_setOf` has been deprecated: Use `Set.mem_ofPred` instead
info: NLA/MI24/Numerical.lean:28:2: Try this:
  [apply] ring_nf
  
  The `ring` tactic failed to close the goal. Use `ring_nf` to obtain a normal form.
    
  Note that `ring` works primarily in *commutative* rings. If you have a noncommutative ring, abelian group or module, consider using `noncomm_ring`, `abel` or `module` instead.
info: NLA/MI24/Numerical.lean:50:0: 'NLA.MI24.young_weight_interval' depends on axioms: [propext, Classical.choice, Quot.sound]
info: NLA/MI24/Numerical.lean:52:0: 'NLA.MI24.youngWeight_complement_bounds' depends on axioms: [propext, Classical.choice, Quot.sound]
⚠ [3825/3831] Built NLA.MI24.TraceYoung (2.9s)
warning: NLA/MI24/TraceYoung.lean:39:34: Variable name `hn` is not explicitly referenced.

Hint: The binding can be removed (if unused) or named `_` (if used implicitly). Alternatively, prefix the name with `_` to silence this warning:
  [apply] _hn

Note: This linter can be disabled with `set_option linter.unusedVariables false`
✔ [3826/3831] Built NLA.MI24.HeronTrace (3.4s)
✔ [3827/3831] Built NLA.MI24.HeronFinite (3.3s)
✔ [3828/3831] Built NLA.MI24.HeronInfinity (3.4s)
✔ [3829/3831] Built NLA.MI24.Complement (3.2s)
ℹ [3830/3831] Built Solution (2.7s)
info: Solution.lean:17:0: 'NLA.MI24.young_weight_interval' depends on axioms: [propext, Classical.choice, Quot.sound]
info: Solution.lean:19:0: 'NLA.MI24.spectral_power_inverse' depends on axioms: [propext, Classical.choice, Quot.sound]
info: Solution.lean:21:0: 'NLA.MI24.geometric_congruence' depends on axioms: [propext, Classical.choice, Quot.sound]
info: Solution.lean:23:0: 'NLA.MI24.matrix_means_posdef' depends on axioms: [propext, Classical.choice, Quot.sound]
info: Solution.lean:25:0: 'NLA.MI24.power_half_fixed_point' depends on axioms: [propext, Classical.choice, Quot.sound]
info: Solution.lean:27:0: 'NLA.MI24.power_half_sqrt_q' depends on axioms: [propext, Classical.choice, Quot.sound]
info: Solution.lean:29:0: 'NLA.MI24.furuta_half_power' depends on axioms: [propext, Classical.choice, Quot.sound]
info: Solution.lean:31:0: 'NLA.MI24.weighted_geometric_trace' depends on axioms: [propext, Classical.choice, Quot.sound]
info: Solution.lean:33:0: 'NLA.MI24.trace_young_half' depends on axioms: [propext, Classical.choice, Quot.sound]
info: Solution.lean:35:0: 'NLA.MI24.heron_trace_comparison' depends on axioms: [propext, Classical.choice, Quot.sound]
info: Solution.lean:37:0: 'NLA.MI24.positive_schatten_monotone' depends on axioms: [propext, Classical.choice, Quot.sound]
info: Solution.lean:39:0: 'NLA.MI24.positive_schatten_triangle' depends on axioms: [propext, Classical.choice, Quot.sound]
info: Solution.lean:41:0: 'NLA.MI24.positive_schatten_smul' depends on axioms: [propext, Classical.choice, Quot.sound]
info: Solution.lean:43:0: 'NLA.MI24.positive_infinity_monotone' depends on axioms: [propext, Classical.choice, Quot.sound]
info: Solution.lean:45:0: 'NLA.MI24.finite_schatten_semantics' depends on axioms: [propext, Classical.choice, Quot.sound]
info: Solution.lean:47:0: 'NLA.MI24.infinity_schatten_semantics' depends on axioms: [propext, Classical.choice, Quot.sound]
info: Solution.lean:49:0: 'NLA.MI24.heron_comparison_finite' depends on axioms: [propext, Classical.choice, Quot.sound]
info: Solution.lean:51:0: 'NLA.MI24.heron_comparison_infinity' depends on axioms: [propext, Classical.choice, Quot.sound]
info: Solution.lean:53:0: 'NLA.MI24.lin_comparison' depends on axioms: [propext, Classical.choice, Quot.sound]
info: Solution.lean:55:0: 'NLA.MI24.schatten_complement_finite' depends on axioms: [propext, Classical.choice, Quot.sound]
info: Solution.lean:57:0: 'NLA.MI24.schatten_complement_infinity' depends on axioms: [propext, Classical.choice, Quot.sound]
info: Solution.lean:59:0: 'NLA.MI24.schattenComplementConjecture' depends on axioms: [propext, Classical.choice, Quot.sound]
Build completed successfully (3831 jobs).
Exporting #[Quot, Quot.mk, Quot.lift, Quot.ind, NLA.MI24.young_weight_interval, NLA.MI24.spectral_power_inverse, NLA.MI24.geometric_congruence, NLA.MI24.matrix_means_posdef, NLA.MI24.power_half_fixed_point, NLA.MI24.power_half_sqrt_q, NLA.MI24.furuta_half_power, NLA.MI24.weighted_geometric_trace, NLA.MI24.trace_young_half, NLA.MI24.heron_trace_comparison, NLA.MI24.positive_schatten_monotone, NLA.MI24.positive_schatten_triangle, NLA.MI24.positive_schatten_smul, NLA.MI24.positive_infinity_monotone, NLA.MI24.finite_schatten_semantics, NLA.MI24.infinity_schatten_semantics, NLA.MI24.heron_comparison_finite, NLA.MI24.heron_comparison_infinity, NLA.MI24.lin_comparison, NLA.MI24.schatten_complement_finite, NLA.MI24.schatten_complement_infinity, NLA.MI24.schattenComplementConjecture, propext, Classical.choice, Quot.sound, Nat.add, Nat.sub, Nat.mul, Nat.pow, Nat.gcd, Nat.div, Nat.mod, Nat.beq, Nat.ble, Nat.land, Nat.lor, Nat.xor, Nat.shiftLeft, Nat.shiftRight, String.ofList, Char.ofNat, List, eagerReduce, Nat, String, String.mk, Char, optParam, autoParam, semiOutParam, outParam] from Solution
Running Lean default kernel on solution.
Lean default kernel accepts the solution
Your solution is okay!

EXIT_STATUS=0
