NLA/MF07/CompactGrowth.lean:31:28: warning: This simp argument is unused:
  List.ofFn_get

Hint: Omit it from the simp argument list.
  [apply] simp [finiteProduct, A]

Note: This linter can be disabled with `set_option linter.unusedSimpArgs false`
NLA/MF07/CompactGrowth.lean:44:2: warning: Try this: 
  letI̵

The goal is a proposition, so `let` is preferred over `letI`.
The difference between `let` and `letI` is that `letI` inlines the value.
But this is not relevant for proofs because of proof irrelevance.

Note: This linter can be disabled with `set_option linter.style.haveILetI false`
NLA/MF07/CompactGrowth.lean:51:37: warning: Variable name `hd` is not explicitly referenced.

Hint: The binding can be removed (if unused) or named `_` (if used implicitly). Alternatively, prefix the name with `_` to silence this warning:
  [apply] _hd

Note: This linter can be disabled with `set_option linter.unusedVariables false`
NLA/MF07/CompactGrowth.lean:114:49: warning: Variable name `hd` is not explicitly referenced.

Hint: The binding can be removed (if unused) or named `_` (if used implicitly). Alternatively, prefix the name with `_` to silence this warning:
  [apply] _hd

Note: This linter can be disabled with `set_option linter.unusedVariables false`
'NLA.MF07.family_norm_maximum' depends on axioms: [propext, Classical.choice, Quot.sound]
'NLA.MF07.family_growth_maximum' depends on axioms: [propext, Classical.choice, Quot.sound]
'NLA.MF07.family_growth_submultiplicative' depends on axioms: [propext, Classical.choice, Quot.sound]
