NLA/MF07/Auerbach.lean:46:67: warning: This simp argument is unused:
  PiLp.smul_apply

Hint: Omit it from the simp argument list.
  [apply] simp [applyMatrix_coordinate, WithLp.ofLp_sum, Finset.sum_apply, mul_comm]

Note: This linter can be disabled with `set_option linter.unusedSimpArgs false`
NLA/MF07/Auerbach.lean:56:10: warning: This simp argument is unused:
  Matrix.updateCol_apply

Hint: Omit it from the simp argument list.
  [apply] simp [h]

Note: This linter can be disabled with `set_option linter.unusedSimpArgs false`
NLA/MF07/Auerbach.lean:71:2: warning: Try this: 
  letI̵

The goal is a proposition, so `let` is preferred over `letI`.
The difference between `let` and `letI` is that `letI` inlines the value.
But this is not relevant for proofs because of proof irrelevance.

Note: This linter can be disabled with `set_option linter.style.haveILetI false`
NLA/MF07/Auerbach.lean:73:2: warning: Try this: 
  letI̵

The goal is a proposition, so `let` is preferred over `letI`.
The difference between `let` and `letI` is that `letI` inlines the value.
But this is not relevant for proofs because of proof irrelevance.

Note: This linter can be disabled with `set_option linter.style.haveILetI false`
NLA/MF07/Auerbach.lean:100:13: warning: This simp argument is unused:
  Matrix.det_smul

Hint: Omit it from the simp argument list.
  [apply] simp [W, hcpos.ne']

Note: This linter can be disabled with `set_option linter.unusedSimpArgs false`
'NLA.MF07.maximal_determinant_basis' depends on axioms: [propext, Classical.choice, Quot.sound]
'NLA.MF07.exists_auerbach_coordinates' depends on axioms: [propext, Classical.choice, Quot.sound]
