NLA/MF07/UnitaryGeometry.lean:69:40: warning: This simp argument is unused:
  Matrix.diagonal_apply

Hint: Omit it from the simp argument list.
  [apply] simp [Matrix.one_apply, hi]

Note: This linter can be disabled with `set_option linter.unusedSimpArgs false`
NLA/MF07/UnitaryGeometry.lean:69:63: warning: This simp argument is unused:
  Matrix.one_apply

Hint: Omit it from the simp argument list.
  [apply] simp [Matrix.diagonal_apply, hi]

Note: This linter can be disabled with `set_option linter.unusedSimpArgs false`
NLA/MF07/UnitaryGeometry.lean:70:12: warning: This simp argument is unused:
  Matrix.diagonal_apply

Hint: Omit it from the simp argument list.
  [apply] simp [Matrix.one_apply, hij]

Note: This linter can be disabled with `set_option linter.unusedSimpArgs false`
NLA/MF07/UnitaryGeometry.lean:70:35: warning: This simp argument is unused:
  Matrix.one_apply

Hint: Omit it from the simp argument list.
  [apply] simp [Matrix.diagonal_apply, hij]

Note: This linter can be disabled with `set_option linter.unusedSimpArgs false`
NLA/MF07/UnitaryGeometry.lean:101:4: warning: Unused tactic linter: `push_cast` does nothing

Note: This linter can be disabled with `set_option linter.unusedTactic false`
'NLA.MF07.spectralNorm_unitary_conj' depends on axioms: [propext, Classical.choice, Quot.sound]
'NLA.MF07.cutDamping_spectralNorm_le' depends on axioms: [propext, Classical.choice, Quot.sound]
